
Optional file libmchp_peripheral.a not found

Optional file libmchp_peripheral_32MX795F512L.a not found
Archive member included because of file (symbol)

c:/program files (x86)/microchip/xc32/v1.42/bin/bin/../../lib/gcc/pic32mx/4.8.3\libgcc.a(floatunsisf.o)
                              build/milestone1/debug/_ext/1360937237/navigation.o (__floatunsisf)
c:/program files (x86)/microchip/xc32/v1.42/bin/bin/../../lib/gcc/pic32mx/4.8.3/../../../../pic32mx/lib\libpic32.a(memcpy.o)
                              build/milestone1/debug/_ext/1241959881/queue.o (memcpy)
c:/program files (x86)/microchip/xc32/v1.42/bin/bin/../../lib/gcc/pic32mx/4.8.3/../../../../pic32mx/lib\libpic32.a(memset.o)
                              build/milestone1/debug/_ext/393803906/drv_i2c.o (memset)
c:/program files (x86)/microchip/xc32/v1.42/bin/bin/../../lib/gcc/pic32mx/4.8.3/../../../../pic32mx/lib\libpic32.a(strcpy.o)
                              build/milestone1/debug/_ext/1360937237/communication.o (strcpy)
c:/program files (x86)/microchip/xc32/v1.42/bin/bin/../../lib/gcc/pic32mx/4.8.3/../../../../pic32mx/lib\libpic32.a(strlen.o)
                              build/milestone1/debug/_ext/1360937237/communication.o (strlen)
c:/program files (x86)/microchip/xc32/v1.42/bin/bin/../../lib/gcc/pic32mx/4.8.3/../../../../pic32mx/lib\libpic32.a(default-bootstrap-exception-handler.o)
                              c:/program files (x86)/microchip/xc32/v1.42/bin/bin/../../lib/gcc/pic32mx/4.8.3/../../../../pic32mx/lib/./proc/32MX795F512L/crt0_mips32r2.o (_bootstrap_exception_handler)
c:/program files (x86)/microchip/xc32/v1.42/bin/bin/../../lib/gcc/pic32mx/4.8.3/../../../../pic32mx/lib\libpic32.a(default-on-reset.o)
                              c:/program files (x86)/microchip/xc32/v1.42/bin/bin/../../lib/gcc/pic32mx/4.8.3/../../../../pic32mx/lib/./proc/32MX795F512L/crt0_mips32r2.o (_on_reset)
c:/program files (x86)/microchip/xc32/v1.42/bin/bin/../../lib/gcc/pic32mx/4.8.3/../../../../pic32mx/lib\libpic32.a(default-on-bootstrap.o)
                              c:/program files (x86)/microchip/xc32/v1.42/bin/bin/../../lib/gcc/pic32mx/4.8.3/../../../../pic32mx/lib/./proc/32MX795F512L/crt0_mips32r2.o (_on_bootstrap)
c:/program files (x86)/microchip/xc32/v1.42/bin/bin/../../lib/gcc/pic32mx/4.8.3/../../../../pic32mx/lib\libpic32.a(default-nmi-handler.o)
                              c:/program files (x86)/microchip/xc32/v1.42/bin/bin/../../lib/gcc/pic32mx/4.8.3/../../../../pic32mx/lib/./proc/32MX795F512L/crt0_mips32r2.o (_nmi_handler)
c:/program files (x86)/microchip/xc32/v1.42/bin/bin/../../lib/gcc/pic32mx/4.8.3/../../../../pic32mx/lib\libpic32.a(general-exception.o)
                              c:/program files (x86)/microchip/xc32/v1.42/bin/bin/../../lib/gcc/pic32mx/4.8.3/../../../../pic32mx/lib/./proc/32MX795F512L/crt0_mips32r2.o (_general_exception_context)
c:/program files (x86)/microchip/xc32/v1.42/bin/bin/../../lib/gcc/pic32mx/4.8.3/../../../../pic32mx/lib\libpic32.a(vector0.o)
                              c:/program files (x86)/microchip/xc32/v1.42/bin/bin/../../lib/gcc/pic32mx/4.8.3/../../../../pic32mx/lib/./proc/32MX795F512L\default_isr_vectors.o (__vector_dispatch_0)
c:/program files (x86)/microchip/xc32/v1.42/bin/bin/../../lib/gcc/pic32mx/4.8.3/../../../../pic32mx/lib\libpic32.a(vector2.o)
                              c:/program files (x86)/microchip/xc32/v1.42/bin/bin/../../lib/gcc/pic32mx/4.8.3/../../../../pic32mx/lib/./proc/32MX795F512L\default_isr_vectors.o (__vector_dispatch_2)
c:/program files (x86)/microchip/xc32/v1.42/bin/bin/../../lib/gcc/pic32mx/4.8.3/../../../../pic32mx/lib\libpic32.a(vector3.o)
                              c:/program files (x86)/microchip/xc32/v1.42/bin/bin/../../lib/gcc/pic32mx/4.8.3/../../../../pic32mx/lib/./proc/32MX795F512L\default_isr_vectors.o (__vector_dispatch_3)
c:/program files (x86)/microchip/xc32/v1.42/bin/bin/../../lib/gcc/pic32mx/4.8.3/../../../../pic32mx/lib\libpic32.a(vector5.o)
                              c:/program files (x86)/microchip/xc32/v1.42/bin/bin/../../lib/gcc/pic32mx/4.8.3/../../../../pic32mx/lib/./proc/32MX795F512L\default_isr_vectors.o (__vector_dispatch_5)
c:/program files (x86)/microchip/xc32/v1.42/bin/bin/../../lib/gcc/pic32mx/4.8.3/../../../../pic32mx/lib\libpic32.a(vector6.o)
                              c:/program files (x86)/microchip/xc32/v1.42/bin/bin/../../lib/gcc/pic32mx/4.8.3/../../../../pic32mx/lib/./proc/32MX795F512L\default_isr_vectors.o (__vector_dispatch_6)
c:/program files (x86)/microchip/xc32/v1.42/bin/bin/../../lib/gcc/pic32mx/4.8.3/../../../../pic32mx/lib\libpic32.a(vector7.o)
                              c:/program files (x86)/microchip/xc32/v1.42/bin/bin/../../lib/gcc/pic32mx/4.8.3/../../../../pic32mx/lib/./proc/32MX795F512L\default_isr_vectors.o (__vector_dispatch_7)
c:/program files (x86)/microchip/xc32/v1.42/bin/bin/../../lib/gcc/pic32mx/4.8.3/../../../../pic32mx/lib\libpic32.a(vector9.o)
[...]
Memory Configuration

Name             Origin             Length             Attributes
kseg0_data_mem   0x80000000         0x00000200
kseg1_data_mem   0xa0000000         0x00020000         w !x
kseg0_boot_mem   0x9fc00490         0x00000970
kseg1_boot_mem   0xbfc00000         0x00000490
kseg0_program_mem 0x9d000000         0x00080000         xr
exception_mem    0x9fc01000         0x00001000
debug_exec_mem   0xbfc02000         0x00000ff0
config3          0xbfc02ff0         0x00000004
config2          0xbfc02ff4         0x00000004
config1          0xbfc02ff8         0x00000004
config0          0xbfc02ffc         0x00000004
sfrs             0xbf800000         0x00100000
configsfrs       0xbfc02ff0         0x00000010
*default*        0x00000000         0xffffffff

Linker script and memory map


reserve_data_0_kseg0
                0x80000000      0x200
                0x80000000        0x2 SHORT 0x0
                0x000001fd                . = 0x1fd
 *fill*         0x80000002      0x1fb 
                0x80000200                . = ALIGN (0x4)
 *fill*         0x800001fd        0x3 

reserve_data_0_kseg1
                0xa0000000      0x200
                0xa0000000        0x2 SHORT 0x0
                0x000001fd                . = 0x1fd
 *fill*         0xa0000002      0x1fb 
                0xa0000200                . = ALIGN (0x4)
 *fill*         0xa00001fd        0x3 

reserve_boot_0x1fc02000_kseg0
                0x9fc02000      0xff0
                0x9fc02000        0x2 SHORT 0x0
                0x00000500                . = 0x500
 *fill*         0x9fc02002      0x4fe 
                0x9fc02500                . = ALIGN (0x4)
                0x9fc02500        0x2 SHORT 0x0
                0x00000ff0                . = 0xff0
 *fill*         0x9fc02502      0xaee 
                0x9fc02ff0                . = ALIGN (0x4)

reserve_boot_0x1fc02000_kseg1
                0xbfc02000      0xff0
                0xbfc02000        0x2 SHORT 0x0
                0x00000500                . = 0x500
 *fill*         0xbfc02002      0x4fe 
                0xbfc02500                . = ALIGN (0x4)
                0xbfc02500        0x2 SHORT 0x0
                0x00000ff0                . = 0xff0
 *fill*         0xbfc02502      0xaee 
                0xbfc02ff0                . = ALIGN (0x4)
LOAD c:/program files (x86)/microchip/xc32/v1.42/bin/bin/../../lib/gcc/pic32mx/4.8.3/../../../../pic32mx/lib/./proc/32MX795F512L/crt0_mips32r2.o
LOAD c:/program files (x86)/microchip/xc32/v1.42/bin/bin/../../lib/gcc/pic32mx/4.8.3/../../../../pic32mx/lib\software-debug-break.o
LOAD build/milestone1/debug/_ext/1864120335/drv_tmr_static.o
LOAD build/milestone1/debug/_ext/1864120335/drv_tmr_mapping.o
LOAD build/milestone1/debug/_ext/192191419/drv_usart_mapping.o
LOAD build/milestone1/debug/_ext/192191419/drv_usart_static.o
LOAD build/milestone1/debug/_ext/192191419/drv_usart_static_byte_model.o
LOAD build/milestone1/debug/_ext/383799649/sys_clk_static.o
LOAD build/milestone1/debug/_ext/956857457/sys_ports_static.o
LOAD build/milestone1/debug/_ext/1555642536/system_init.o
LOAD build/milestone1/debug/_ext/1555642536/system_interrupt.o
LOAD build/milestone1/debug/_ext/1555642536/system_exceptions.o
LOAD build/milestone1/debug/_ext/1555642536/system_tasks.o
LOAD build/milestone1/debug/_ext/1555642536/system_interrupt_a.o
LOAD build/milestone1/debug/_ext/1555642536/rtos_hooks.o
LOAD build/milestone1/debug/_ext/1360937237/app.o
LOAD build/milestone1/debug/_ext/1360937237/main.o
LOAD build/milestone1/debug/_ext/1360937237/navigation.o
LOAD build/milestone1/debug/_ext/1360937237/communication.o
LOAD build/milestone1/debug/_ext/1360937237/ms2test.o
LOAD build/milestone1/debug/_ext/1360937237/pathfinding.o
LOAD build/milestone1/debug/_ext/1360937237/flagcapture.o
LOAD build/milestone1/debug/_ext/1360937237/mapping.o
LOAD build/milestone1/debug/_ext/1360937237/LED.o
LOAD build/milestone1/debug/_ext/1360937237/linesensing.o
LOAD build/milestone1/debug/_ext/1360937237/myi2c.o
LOAD build/milestone1/debug/_ext/393803906/drv_i2c.o
LOAD build/milestone1/debug/_ext/1423261102/osal_freertos.o
LOAD build/milestone1/debug/_ext/2019779704/sys_devcon.o
LOAD build/milestone1/debug/_ext/2019779704/sys_devcon_pic32mx.o
LOAD build/milestone1/debug/_ext/1620769490/sys_int_pic32.o
LOAD build/milestone1/debug/_ext/1366647692/heap_1.o
LOAD build/milestone1/debug/_ext/1475386849/port.o
LOAD build/milestone1/debug/_ext/1475386849/port_asm.o
LOAD build/milestone1/debug/_ext/1241959881/croutine.o
LOAD build/milestone1/debug/_ext/1241959881/list.o
LOAD build/milestone1/debug/_ext/1241959881/queue.o
LOAD build/milestone1/debug/_ext/1241959881/tasks.o
LOAD build/milestone1/debug/_ext/1241959881/timers.o
LOAD build/milestone1/debug/_ext/1241959881/event_groups.o
LOAD build/milestone1/debug/_ext/1360937237/debug.o
LOAD build/milestone1/debug/_ext/1360937237/motor.o
LOAD build/milestone1/debug/_ext/1360937237/myjson.o
LOAD build/milestone1/debug/_ext/1360937237/electromagnet.o
LOAD ..\..\..\..\..\..\..\microchip\harmony\v1_09\bin\framework\peripheral\PIC32MX795F512L_peripherals.a
                0x00000001                __MPLAB_BUILD = 0x1
                0x00000001                __MPLAB_DEBUG = 0x1
                0x00000001                __DEBUG = 0x1
                0x00000001                __MPLAB_DEBUGGER_PK3 = 0x1
                0x00000000                _min_heap_size = 0x0
LOAD c:/program files (x86)/microchip/xc32/v1.42/bin/bin/../../lib/gcc/pic32mx/4.8.3/../../../../pic32mx/lib/./proc/32MX795F512L\default_isr_vectors.o
LOAD c:/program files (x86)/microchip/xc32/v1.42/bin/bin/../../lib/gcc/pic32mx/4.8.3/../../../../pic32mx/lib\pic32_software_reset.o
                0x00000400                PROVIDE (_min_stack_size, 0x400)
LOAD c:/program files (x86)/microchip/xc32/v1.42/bin/bin/../../lib/gcc/pic32mx/4.8.3/../../../../pic32mx/lib/./proc/32MX795F512L\processor.o
START GROUP
LOAD libmchp_peripheral.a
END GROUP
START GROUP
LOAD libmchp_peripheral_32MX795F512L.a
END GROUP
                0x00000001                PROVIDE (_vector_spacing, 0x1)
                0x9fc01000                PROVIDE (_ebase_address, 0x9fc01000)
                0xbfc00000                _RESET_ADDR = 0xbfc00000
                0xbfc00380                _BEV_EXCPT_ADDR = 0xbfc00380
                0xbfc00480                _DBG_EXCPT_ADDR = 0xbfc00480
                0xbfc02000                _DBG_CODE_ADDR = 0xbfc02000
                0x00000ff0                _DBG_CODE_SIZE = 0xff0
                0x9fc01180                _GEN_EXCPT_ADDR = (_ebase_address + 0x180)

.config_BFC02FF0
                0xbfc02ff0        0x4
 *(.config_BFC02FF0)
 .config_BFC02FF0
                0xbfc02ff0        0x4 build/milestone1/debug/_ext/1555642536/system_init.o

.config_BFC02FF4
                0xbfc02ff4        0x4
 *(.config_BFC02FF4)
 .config_BFC02FF4
                0xbfc02ff4        0x4 build/milestone1/debug/_ext/1555642536/system_init.o

.config_BFC02FF8
                0xbfc02ff8        0x4
 *(.config_BFC02FF8)
 .config_BFC02FF8
                0xbfc02ff8        0x4 build/milestone1/debug/_ext/1555642536/system_init.o

.config_BFC02FFC
                0xbfc02ffc        0x4
 *(.config_BFC02FFC)
 .config_BFC02FFC
                0xbfc02ffc        0x4 build/milestone1/debug/_ext/1555642536/system_init.o
                0xbfc02000                PROVIDE (_DBG_CODE_ADDR, 0xbfc02000)
                0x00000ff0                PROVIDE (_DBG_CODE_SIZE, 0xff0)

.reset          0xbfc00000      0x208
 *(.reset)
 .reset         0xbfc00000        0x8 c:/program files (x86)/microchip/xc32/v1.42/bin/bin/../../lib/gcc/pic32mx/4.8.3/../../../../pic32mx/lib/./proc/32MX795F512L/crt0_mips32r2.o
                0xbfc00000                _reset
 *(.reset.startup)
 .reset.startup
                0xbfc00008      0x200 c:/program files (x86)/microchip/xc32/v1.42/bin/bin/../../lib/gcc/pic32mx/4.8.3/../../../../pic32mx/lib/./proc/32MX795F512L/crt0_mips32r2.o

.bev_excpt      0xbfc00380       0x10
 *(.bev_handler)
 .bev_handler   0xbfc00380       0x10 c:/program files (x86)/microchip/xc32/v1.42/bin/bin/../../lib/gcc/pic32mx/4.8.3/../../../../pic32mx/lib/./proc/32MX795F512L/crt0_mips32r2.o

.dbg_excpt      0xbfc00480        0x0
                0xbfc00480                . = (. + DEFINED (_DEBUGGER)?0x8:0x0)

.dbg_code       0xbfc02000        0x0
                0xbfc02000                . = (. + DEFINED (_DEBUGGER)?_DBG_CODE_SIZE:0x0)

.app_excpt      0x9fc01180       0x10
 *(.gen_handler)
 .gen_handler   0x9fc01180       0x10 c:/program files (x86)/microchip/xc32/v1.42/bin/bin/../../lib/gcc/pic32mx/4.8.3/../../../../pic32mx/lib/./proc/32MX795F512L/crt0_mips32r2.o

.vector_0       0x9fc01200        0x8
 *(.vector_0)
 .vector_0      0x9fc01200        0x8 c:/program files (x86)/microchip/xc32/v1.42/bin/bin/../../lib/gcc/pic32mx/4.8.3/../../../../pic32mx/lib\libpic32.a(vector0.o)
                0x9fc01200                __vector_dispatch_0
                0x00000001                ASSERT (((_vector_spacing == 0x0) || (SIZEOF (.vector_0) <= (_vector_spacing << 0x5))), function at exception vector 0 too large)

.vector_1       0x9fc01220        0x8
 *(.vector_1)
 .vector_1      0x9fc01220        0x8 build/milestone1/debug/_ext/1475386849/port.o
                0x9fc01220                __vector_dispatch_1
                0x00000001                ASSERT (((_vector_spacing == 0x0) || (SIZEOF (.vector_1) <= (_vector_spacing << 0x5))), function at exception vector 1 too large)

.vector_2       0x9fc01240        0x8
 *(.vector_2)
 .vector_2      0x9fc01240        0x8 c:/program files (x86)/microchip/xc32/v1.42/bin/bin/../../lib/gcc/pic32mx/4.8.3/../../../../pic32mx/lib\libpic32.a(vector2.o)
                0x9fc01240                __vector_dispatch_2
                0x00000001                ASSERT (((_vector_spacing == 0x0) || (SIZEOF (.vector_2) <= (_vector_spacing << 0x5))), function at exception vector 2 too large)

.vector_3       0x9fc01260        0x8
 *(.vector_3)
 .vector_3      0x9fc01260        0x8 c:/program files (x86)/microchip/xc32/v1.42/bin/bin/../../lib/gcc/pic32mx/4.8.3/../../../../pic32mx/lib\libpic32.a(vector3.o)
                0x9fc01260                __vector_dispatch_3
                0x00000001                ASSERT (((_vector_spacing == 0x0) || (SIZEOF (.vector_3) <= (_vector_spacing << 0x5))), function at exception vector 3 too large)

.vector_4       0x9fc01280        0x8
 *(.vector_4)
 .vector_4      0x9fc01280        0x8 build/milestone1/debug/_ext/1475386849/port.o
                0x9fc01280                __vector_dispatch_4
                0x00000001                ASSERT (((_vector_spacing == 0x0) || (SIZEOF (.vector_4) <= (_vector_spacing << 0x5))), function at exception vector 4 too large)

.vector_5       0x9fc012a0        0x8
 *(.vector_5)
 .vector_5      0x9fc012a0        0x8 c:/program files (x86)/microchip/xc32/v1.42/bin/bin/../../lib/gcc/pic32mx/4.8.3/../../../../pic32mx/lib\libpic32.a(vector5.o)
                0x9fc012a0                __vector_dispatch_5
                0x00000001                ASSERT (((_vector_spacing == 0x0) || (SIZEOF (.vector_5) <= (_vector_spacing << 0x5))), function at exception vector 5 too large)

.vector_6       0x9fc012c0        0x8
 *(.vector_6)
 .vector_6      0x9fc012c0        0x8 c:/program files (x86)/microchip/xc32/v1.42/bin/bin/../../lib/gcc/pic32mx/4.8.3/../../../../pic32mx/lib\libpic32.a(vector6.o)
                0x9fc012c0                __vector_dispatch_6
                0x00000001                ASSERT (((_vector_spacing == 0x0) || (SIZEOF (.vector_6) <= (_vector_spacing << 0x5))), function at exception vector 6 too large)

.vector_7       0x9fc012e0        0x8
 *(.vector_7)
 .vector_7      0x9fc012e0        0x8 c:/program files (x86)/microchip/xc32/v1.42/bin/bin/../../lib/gcc/pic32mx/4.8.3/../../../../pic32mx/lib\libpic32.a(vector7.o)
                0x9fc012e0                __vector_dispatch_7
                0x00000001                ASSERT (((_vector_spacing == 0x0) || (SIZEOF (.vector_7) <= (_vector_spacing << 0x5))), function at exception vector 7 too large)

.vector_8       0x9fc01300       0x10
 *(.vector_8)
 .vector_8      0x9fc01300       0x10 build/milestone1/debug/_ext/1555642536/system_interrupt_a.o
                0x9fc01300                __vector_dispatch_8
                0x00000001                ASSERT (((_vector_spacing == 0x0) || (SIZEOF (.vector_8) <= (_vector_spacing << 0x5))), function at exception vector 8 too large)

.vector_9       0x9fc01320        0x8
 *(.vector_9)
 .vector_9      0x9fc01320        0x8 c:/program files (x86)/microchip/xc32/v1.42/bin/bin/../../lib/gcc/pic32mx/4.8.3/../../../../pic32mx/lib\libpic32.a(vector9.o)
                0x9fc01320                __vector_dispatch_9
                0x00000001                ASSERT (((_vector_spacing == 0x0) || (SIZEOF (.vector_9) <= (_vector_spacing << 0x5))), function at exception vector 9 too large)

.vector_10      0x9fc01340        0x8
 *(.vector_10)
 .vector_10     0x9fc01340        0x8 c:/program files (x86)/microchip/xc32/v1.42/bin/bin/../../lib/gcc/pic32mx/4.8.3/../../../../pic32mx/lib\libpic32.a(vector10.o)
                0x9fc01340                __vector_dispatch_10
                0x00000001                ASSERT (((_vector_spacing == 0x0) || (SIZEOF (.vector_10) <= (_vector_spacing << 0x5))), function at exception vector 10 too large)

.vector_11      0x9fc01360        0x8
 *(.vector_11)
 .vector_11     0x9fc01360        0x8 c:/program files (x86)/microchip/xc32/v1.42/bin/bin/../../lib/gcc/pic32mx/4.8.3/../../../../pic32mx/lib\libpic32.a(vector11.o)
                0x9fc01360                __vector_dispatch_11
                0x00000001                ASSERT (((_vector_spacing == 0x0) || (SIZEOF (.vector_11) <= (_vector_spacing << 0x5))), function at exception vector 11 too large)

.vector_12      0x9fc01380       0x10
 *(.vector_12)
 .vector_12     0x9fc01380       0x10 build/milestone1/debug/_ext/1555642536/system_interrupt_a.o
                0x9fc01380                __vector_dispatch_12
                0x00000001                ASSERT (((_vector_spacing == 0x0) || (SIZEOF (.vector_12) <= (_vector_spacing << 0x5))), function at exception vector 12 too large)

.vector_13      0x9fc013a0        0x8
 *(.vector_13)
 .vector_13     0x9fc013a0        0x8 c:/program files (x86)/microchip/xc32/v1.42/bin/bin/../../lib/gcc/pic32mx/4.8.3/../../../../pic32mx/lib\libpic32.a(vector13.o)
                0x9fc013a0                __vector_dispatch_13
                0x00000001                ASSERT (((_vector_spacing == 0x0) || (SIZEOF (.vector_13) <= (_vector_spacing << 0x5))), function at exception vector 13 too large)

.vector_14      0x9fc013c0        0x8
 *(.vector_14)
 .vector_14     0x9fc013c0        0x8 c:/program files (x86)/microchip/xc32/v1.42/bin/bin/../../lib/gcc/pic32mx/4.8.3/../../../../pic32mx/lib\libpic32.a(vector14.o)
                0x9fc013c0                __vector_dispatch_14
                0x00000001                ASSERT (((_vector_spacing == 0x0) || (SIZEOF (.vector_14) <= (_vector_spacing << 0x5))), function at exception vector 14 too large)

.vector_15      0x9fc013e0        0x8
 *(.vector_15)
 .vector_15     0x9fc013e0        0x8 c:/program files (x86)/microchip/xc32/v1.42/bin/bin/../../lib/gcc/pic32mx/4.8.3/../../../../pic32mx/lib\libpic32.a(vector15.o)
                0x9fc013e0                __vector_dispatch_15
                0x00000001                ASSERT (((_vector_spacing == 0x0) || (SIZEOF (.vector_15) <= (_vector_spacing << 0x5))), function at exception vector 15 too large)

.vector_16      0x9fc01400       0x10
 *(.vector_16)
 .vector_16     0x9fc01400       0x10 build/milestone1/debug/_ext/1555642536/system_interrupt_a.o
                0x9fc01400                __vector_dispatch_16
                0x00000001                ASSERT (((_vector_spacing == 0x0) || (SIZEOF (.vector_16) <= (_vector_spacing << 0x5))), function at exception vector 16 too large)

.vector_17      0x9fc01420        0x8
 *(.vector_17)
 .vector_17     0x9fc01420        0x8 c:/program files (x86)/microchip/xc32/v1.42/bin/bin/../../lib/gcc/pic32mx/4.8.3/../../../../pic32mx/lib\libpic32.a(vector17.o)
                0x9fc01420                __vector_dispatch_17
                0x00000001                ASSERT (((_vector_spacing == 0x0) || (SIZEOF (.vector_17) <= (_vector_spacing << 0x5))), function at exception vector 17 too large)

.vector_18      0x9fc01440        0x8
 *(.vector_18)
 .vector_18     0x9fc01440        0x8 c:/program files (x86)/microchip/xc32/v1.42/bin/bin/../../lib/gcc/pic32mx/4.8.3/../../../../pic32mx/lib\libpic32.a(vector18.o)
                0x9fc01440                __vector_dispatch_18
                0x00000001                ASSERT (((_vector_spacing == 0x0) || (SIZEOF (.vector_18) <= (_vector_spacing << 0x5))), function at exception vector 18 too large)

.vector_19      0x9fc01460        0x8
 *(.vector_19)
 .vector_19     0x9fc01460        0x8 c:/program files (x86)/microchip/xc32/v1.42/bin/bin/../../lib/gcc/pic32mx/4.8.3/../../../../pic32mx/lib\libpic32.a(vector19.o)
                0x9fc01460                __vector_dispatch_19
                0x00000001                ASSERT (((_vector_spacing == 0x0) || (SIZEOF (.vector_19) <= (_vector_spacing << 0x5))), function at exception vector 19 too large)

.vector_20      0x9fc01480       0x10
 *(.vector_20)
 .vector_20     0x9fc01480       0x10 build/milestone1/debug/_ext/1555642536/system_interrupt_a.o
                0x9fc01480                __vector_dispatch_20
                0x00000001                ASSERT (((_vector_spacing == 0x0) || (SIZEOF (.vector_20) <= (_vector_spacing << 0x5))), function at exception vector 20 too large)

.vector_21      0x9fc014a0        0x8
 *(.vector_21)
 .vector_21     0x9fc014a0        0x8 c:/program files (x86)/microchip/xc32/v1.42/bin/bin/../../lib/gcc/pic32mx/4.8.3/../../../../pic32mx/lib\libpic32.a(vector21.o)
                0x9fc014a0                __vector_dispatch_21
                0x00000001                ASSERT (((_vector_spacing == 0x0) || (SIZEOF (.vector_21) <= (_vector_spacing << 0x5))), function at exception vector 21 too large)

.vector_22      0x9fc014c0        0x8
 *(.vector_22)
 .vector_22     0x9fc014c0        0x8 c:/program files (x86)/microchip/xc32/v1.42/bin/bin/../../lib/gcc/pic32mx/4.8.3/../../../../pic32mx/lib\libpic32.a(vector22.o)
                0x9fc014c0                __vector_dispatch_22
                0x00000001                ASSERT (((_vector_spacing == 0x0) || (SIZEOF (.vector_22) <= (_vector_spacing << 0x5))), function at exception vector 22 too large)

.vector_23      0x9fc014e0        0x8
 *(.vector_23)
 .vector_23     0x9fc014e0        0x8 c:/program files (x86)/microchip/xc32/v1.42/bin/bin/../../lib/gcc/pic32mx/4.8.3/../../../../pic32mx/lib\libpic32.a(vector23.o)
                0x9fc014e0                __vector_dispatch_23
                0x00000001                ASSERT (((_vector_spacing == 0x0) || (SIZEOF (.vector_23) <= (_vector_spacing << 0x5))), function at exception vector 23 too large)

.vector_24      0x9fc01500       0x10
 *(.vector_24)
 .vector_24     0x9fc01500       0x10 build/milestone1/debug/_ext/1555642536/system_interrupt_a.o
                0x9fc01500                __vector_dispatch_24
                0x00000001                ASSERT (((_vector_spacing == 0x0) || (SIZEOF (.vector_24) <= (_vector_spacing << 0x5))), function at exception vector 24 too large)

.vector_25      0x9fc01520       0x10
 *(.vector_25)
 .vector_25     0x9fc01520       0x10 build/milestone1/debug/_ext/1555642536/system_interrupt_a.o
                0x9fc01520                __vector_dispatch_25
                0x00000001                ASSERT (((_vector_spacing == 0x0) || (SIZEOF (.vector_25) <= (_vector_spacing << 0x5))), function at exception vector 25 too large)

.vector_26      0x9fc01540        0x8
 *(.vector_26)
 .vector_26     0x9fc01540        0x8 c:/program files (x86)/microchip/xc32/v1.42/bin/bin/../../lib/gcc/pic32mx/4.8.3/../../../../pic32mx/lib\libpic32.a(vector26.o)
                0x9fc01540                __vector_dispatch_26
                0x00000001                ASSERT (((_vector_spacing == 0x0) || (SIZEOF (.vector_26) <= (_vector_spacing << 0x5))), function at exception vector 26 too large)

.vector_27      0x9fc01560        0x8
 *(.vector_27)
 .vector_27     0x9fc01560        0x8 c:/program files (x86)/microchip/xc32/v1.42/bin/bin/../../lib/gcc/pic32mx/4.8.3/../../../../pic32mx/lib\libpic32.a(vector27.o)
                0x9fc01560                __vector_dispatch_27
                0x00000001                ASSERT (((_vector_spacing == 0x0) || (SIZEOF (.vector_27) <= (_vector_spacing << 0x5))), function at exception vector 27 too large)

.vector_28      0x9fc01580        0x8
 *(.vector_28)
 .vector_28     0x9fc01580        0x8 c:/program files (x86)/microchip/xc32/v1.42/bin/bin/../../lib/gcc/pic32mx/4.8.3/../../../../pic32mx/lib\libpic32.a(vector28.o)
                0x9fc01580                __vector_dispatch_28
                0x00000001                ASSERT (((_vector_spacing == 0x0) || (SIZEOF (.vector_28) <= (_vector_spacing << 0x5))), function at exception vector 28 too large)

.vector_29      0x9fc015a0        0x8
 *(.vector_29)
 .vector_29     0x9fc015a0        0x8 c:/program files (x86)/microchip/xc32/v1.42/bin/bin/../../lib/gcc/pic32mx/4.8.3/../../../../pic32mx/lib\libpic32.a(vector29.o)
                0x9fc015a0                __vector_dispatch_29
                0x00000001                ASSERT (((_vector_spacing == 0x0) || (SIZEOF (.vector_29) <= (_vector_spacing << 0x5))), function at exception vector 29 too large)

.vector_30      0x9fc015c0        0x8
 *(.vector_30)
 .vector_30     0x9fc015c0        0x8 c:/program files (x86)/microchip/xc32/v1.42/bin/bin/../../lib/gcc/pic32mx/4.8.3/../../../../pic32mx/lib\libpic32.a(vector30.o)
                0x9fc015c0                __vector_dispatch_30
                0x00000001                ASSERT (((_vector_spacing == 0x0) || (SIZEOF (.vector_30) <= (_vector_spacing << 0x5))), function at exception vector 30 too large)

.vector_31      0x9fc015e0        0x8
 *(.vector_31)
 .vector_31     0x9fc015e0        0x8 c:/program files (x86)/microchip/xc32/v1.42/bin/bin/../../lib/gcc/pic32mx/4.8.3/../../../../pic32mx/lib\libpic32.a(vector31.o)
                0x9fc015e0                __vector_dispatch_31
                0x00000001                ASSERT (((_vector_spacing == 0x0) || (SIZEOF (.vector_31) <= (_vector_spacing << 0x5))), function at exception vector 31 too large)

.vector_32      0x9fc01600        0x8
 *(.vector_32)
 .vector_32     0x9fc01600        0x8 c:/program files (x86)/microchip/xc32/v1.42/bin/bin/../../lib/gcc/pic32mx/4.8.3/../../../../pic32mx/lib\libpic32.a(vector32.o)
                0x9fc01600                __vector_dispatch_32
                0x00000001                ASSERT (((_vector_spacing == 0x0) || (SIZEOF (.vector_32) <= (_vector_spacing << 0x5))), function at exception vector 32 too large)

.vector_33      0x9fc01620       0x10
 *(.vector_33)
 .vector_33     0x9fc01620       0x10 build/milestone1/debug/_ext/1555642536/system_interrupt_a.o
                0x9fc01620                __vector_dispatch_33
                0x00000001                ASSERT (((_vector_spacing == 0x0) || (SIZEOF (.vector_33) <= (_vector_spacing << 0x5))), function at exception vector 33 too large)

.vector_34      0x9fc01640        0x8
 *(.vector_34)
 .vector_34     0x9fc01640        0x8 c:/program files (x86)/microchip/xc32/v1.42/bin/bin/../../lib/gcc/pic32mx/4.8.3/../../../../pic32mx/lib\libpic32.a(vector34.o)
                0x9fc01640                __vector_dispatch_34
                0x00000001                ASSERT (((_vector_spacing == 0x0) || (SIZEOF (.vector_34) <= (_vector_spacing << 0x5))), function at exception vector 34 too large)

.vector_35      0x9fc01660        0x8
 *(.vector_35)
 .vector_35     0x9fc01660        0x8 c:/program files (x86)/microchip/xc32/v1.42/bin/bin/../../lib/gcc/pic32mx/4.8.3/../../../../pic32mx/lib\libpic32.a(vector35.o)
                0x9fc01660                __vector_dispatch_35
                0x00000001                ASSERT (((_vector_spacing == 0x0) || (SIZEOF (.vector_35) <= (_vector_spacing << 0x5))), function at exception vector 35 too large)

.vector_36      0x9fc01680        0x8
 *(.vector_36)
 .vector_36     0x9fc01680        0x8 c:/program files (x86)/microchip/xc32/v1.42/bin/bin/../../lib/gcc/pic32mx/4.8.3/../../../../pic32mx/lib\libpic32.a(vector36.o)
                0x9fc01680                __vector_dispatch_36
                0x00000001                ASSERT (((_vector_spacing == 0x0) || (SIZEOF (.vector_36) <= (_vector_spacing << 0x5))), function at exception vector 36 too large)

.vector_37      0x9fc016a0        0x8
 *(.vector_37)
 .vector_37     0x9fc016a0        0x8 c:/program files (x86)/microchip/xc32/v1.42/bin/bin/../../lib/gcc/pic32mx/4.8.3/../../../../pic32mx/lib\libpic32.a(vector37.o)
                0x9fc016a0                __vector_dispatch_37
                0x00000001                ASSERT (((_vector_spacing == 0x0) || (SIZEOF (.vector_37) <= (_vector_spacing << 0x5))), function at exception vector 37 too large)

.vector_38      0x9fc016c0        0x8
 *(.vector_38)
 .vector_38     0x9fc016c0        0x8 c:/program files (x86)/microchip/xc32/v1.42/bin/bin/../../lib/gcc/pic32mx/4.8.3/../../../../pic32mx/lib\libpic32.a(vector38.o)
                0x9fc016c0                __vector_dispatch_38
                0x00000001                ASSERT (((_vector_spacing == 0x0) || (SIZEOF (.vector_38) <= (_vector_spacing << 0x5))), function at exception vector 38 too large)

.vector_39      0x9fc016e0        0x8
 *(.vector_39)
 .vector_39     0x9fc016e0        0x8 c:/program files (x86)/microchip/xc32/v1.42/bin/bin/../../lib/gcc/pic32mx/4.8.3/../../../../pic32mx/lib\libpic32.a(vector39.o)
                0x9fc016e0                __vector_dispatch_39
                0x00000001                ASSERT (((_vector_spacing == 0x0) || (SIZEOF (.vector_39) <= (_vector_spacing << 0x5))), function at exception vector 39 too large)

.vector_40      0x9fc01700        0x8
 *(.vector_40)
 .vector_40     0x9fc01700        0x8 c:/program files (x86)/microchip/xc32/v1.42/bin/bin/../../lib/gcc/pic32mx/4.8.3/../../../../pic32mx/lib\libpic32.a(vector40.o)
                0x9fc01700                __vector_dispatch_40
                0x00000001                ASSERT (((_vector_spacing == 0x0) || (SIZEOF (.vector_40) <= (_vector_spacing << 0x5))), function at exception vector 40 too large)

.vector_41      0x9fc01720        0x8
 *(.vector_41)
 .vector_41     0x9fc01720        0x8 c:/program files (x86)/microchip/xc32/v1.42/bin/bin/../../lib/gcc/pic32mx/4.8.3/../../../../pic32mx/lib\libpic32.a(vector41.o)
                0x9fc01720                __vector_dispatch_41
                0x00000001                ASSERT (((_vector_spacing == 0x0) || (SIZEOF (.vector_41) <= (_vector_spacing << 0x5))), function at exception vector 41 too large)

.vector_42      0x9fc01740        0x8
 *(.vector_42)
 .vector_42     0x9fc01740        0x8 c:/program files (x86)/microchip/xc32/v1.42/bin/bin/../../lib/gcc/pic32mx/4.8.3/../../../../pic32mx/lib\libpic32.a(vector42.o)
                0x9fc01740                __vector_dispatch_42
                0x00000001                ASSERT (((_vector_spacing == 0x0) || (SIZEOF (.vector_42) <= (_vector_spacing << 0x5))), function at exception vector 42 too large)

.vector_43      0x9fc01760        0x8
 *(.vector_43)
 .vector_43     0x9fc01760        0x8 c:/program files (x86)/microchip/xc32/v1.42/bin/bin/../../lib/gcc/pic32mx/4.8.3/../../../../pic32mx/lib\libpic32.a(vector43.o)
                0x9fc01760                __vector_dispatch_43
                0x00000001                ASSERT (((_vector_spacing == 0x0) || (SIZEOF (.vector_43) <= (_vector_spacing << 0x5))), function at exception vector 43 too large)

.vector_44      0x9fc01780        0x8
 *(.vector_44)
 .vector_44     0x9fc01780        0x8 c:/program files (x86)/microchip/xc32/v1.42/bin/bin/../../lib/gcc/pic32mx/4.8.3/../../../../pic32mx/lib\libpic32.a(vector44.o)
                0x9fc01780                __vector_dispatch_44
                0x00000001                ASSERT (((_vector_spacing == 0x0) || (SIZEOF (.vector_44) <= (_vector_spacing << 0x5))), function at exception vector 44 too large)

.vector_45      0x9fc017a0        0x8
 *(.vector_45)
 .vector_45     0x9fc017a0        0x8 c:/program files (x86)/microchip/xc32/v1.42/bin/bin/../../lib/gcc/pic32mx/4.8.3/../../../../pic32mx/lib\libpic32.a(vector45.o)
                0x9fc017a0                __vector_dispatch_45
                0x00000001                ASSERT (((_vector_spacing == 0x0) || (SIZEOF (.vector_45) <= (_vector_spacing << 0x5))), function at exception vector 45 too large)

.vector_46      0x9fc017c0        0x8
 *(.vector_46)
 .vector_46     0x9fc017c0        0x8 c:/program files (x86)/microchip/xc32/v1.42/bin/bin/../../lib/gcc/pic32mx/4.8.3/../../../../pic32mx/lib\libpic32.a(vector46.o)
                0x9fc017c0                __vector_dispatch_46
                0x00000001                ASSERT (((_vector_spacing == 0x0) || (SIZEOF (.vector_46) <= (_vector_spacing << 0x5))), function at exception vector 46 too large)

.vector_47      0x9fc017e0        0x8
 *(.vector_47)
 .vector_47     0x9fc017e0        0x8 c:/program files (x86)/microchip/xc32/v1.42/bin/bin/../../lib/gcc/pic32mx/4.8.3/../../../../pic32mx/lib\libpic32.a(vector47.o)
                0x9fc017e0                __vector_dispatch_47
                0x00000001                ASSERT (((_vector_spacing == 0x0) || (SIZEOF (.vector_47) <= (_vector_spacing << 0x5))), function at exception vector 47 too large)

.vector_48      0x9fc01800        0x8
 *(.vector_48)
 .vector_48     0x9fc01800        0x8 c:/program files (x86)/microchip/xc32/v1.42/bin/bin/../../lib/gcc/pic32mx/4.8.3/../../../../pic32mx/lib\libpic32.a(vector48.o)
                0x9fc01800                __vector_dispatch_48
                0x00000001                ASSERT (((_vector_spacing == 0x0) || (SIZEOF (.vector_48) <= (_vector_spacing << 0x5))), function at exception vector 48 too large)

.vector_49      0x9fc01820        0x8
 *(.vector_49)
 .vector_49     0x9fc01820        0x8 c:/program files (x86)/microchip/xc32/v1.42/bin/bin/../../lib/gcc/pic32mx/4.8.3/../../../../pic32mx/lib\libpic32.a(vector49.o)
                0x9fc01820                __vector_dispatch_49
                0x00000001                ASSERT (((_vector_spacing == 0x0) || (SIZEOF (.vector_49) <= (_vector_spacing << 0x5))), function at exception vector 49 too large)

.vector_50      0x9fc01840        0x8
 *(.vector_50)
 .vector_50     0x9fc01840        0x8 c:/program files (x86)/microchip/xc32/v1.42/bin/bin/../../lib/gcc/pic32mx/4.8.3/../../../../pic32mx/lib\libpic32.a(vector50.o)
                0x9fc01840                __vector_dispatch_50
                0x00000001                ASSERT (((_vector_spacing == 0x0) || (SIZEOF (.vector_50) <= (_vector_spacing << 0x5))), function at exception vector 50 too large)

.vector_51      0x9fc01860        0x8
 *(.vector_51)
 .vector_51     0x9fc01860        0x8 c:/program files (x86)/microchip/xc32/v1.42/bin/bin/../../lib/gcc/pic32mx/4.8.3/../../../../pic32mx/lib\libpic32.a(vector51.o)
                0x9fc01860                __vector_dispatch_51
                0x00000001                ASSERT (((_vector_spacing == 0x0) || (SIZEOF (.vector_51) <= (_vector_spacing << 0x5))), function at exception vector 51 too large)

.vector_52      0x9fc01880        0x0
 *(.vector_52)
                0x00000001                ASSERT (((_vector_spacing == 0x0) || (SIZEOF (.vector_52) <= (_vector_spacing << 0x5))), function at exception vector 52 too large)

.vector_53      0x9fc018a0        0x0
 *(.vector_53)
                0x00000001                ASSERT (((_vector_spacing == 0x0) || (SIZEOF (.vector_53) <= (_vector_spacing << 0x5))), function at exception vector 53 too large)

.vector_54      0x9fc018c0        0x0
 *(.vector_54)
                0x00000001                ASSERT (((_vector_spacing == 0x0) || (SIZEOF (.vector_54) <= (_vector_spacing << 0x5))), function at exception vector 54 too large)

.vector_55      0x9fc018e0        0x0
 *(.vector_55)
                0x00000001                ASSERT (((_vector_spacing == 0x0) || (SIZEOF (.vector_55) <= (_vector_spacing << 0x5))), function at exception vector 55 too large)

.vector_56      0x9fc01900        0x0
 *(.vector_56)
                0x00000001                ASSERT (((_vector_spacing == 0x0) || (SIZEOF (.vector_56) <= (_vector_spacing << 0x5))), function at exception vector 56 too large)

.vector_57      0x9fc01920        0x0
 *(.vector_57)
                0x00000001                ASSERT (((_vector_spacing == 0x0) || (SIZEOF (.vector_57) <= (_vector_spacing << 0x5))), function at exception vector 57 too large)

.vector_58      0x9fc01940        0x0
 *(.vector_58)
                0x00000001                ASSERT (((_vector_spacing == 0x0) || (SIZEOF (.vector_58) <= (_vector_spacing << 0x5))), function at exception vector 58 too large)

.vector_59      0x9fc01960        0x0
 *(.vector_59)
                0x00000001                ASSERT (((_vector_spacing == 0x0) || (SIZEOF (.vector_59) <= (_vector_spacing << 0x5))), function at exception vector 59 too large)

.vector_60      0x9fc01980        0x0
 *(.vector_60)
                0x00000001                ASSERT (((_vector_spacing == 0x0) || (SIZEOF (.vector_60) <= (_vector_spacing << 0x5))), function at exception vector 60 too large)

.vector_61      0x9fc019a0        0x0
 *(.vector_61)
                0x00000001                ASSERT (((_vector_spacing == 0x0) || (SIZEOF (.vector_61) <= (_vector_spacing << 0x5))), function at exception vector 61 too large)

.vector_62      0x9fc019c0        0x0
 *(.vector_62)
                0x00000001                ASSERT (((_vector_spacing == 0x0) || (SIZEOF (.vector_62) <= (_vector_spacing << 0x5))), function at exception vector 62 too large)

.vector_63      0x9fc019e0        0x0
 *(.vector_63)
                0x00000001                ASSERT (((_vector_spacing == 0x0) || (SIZEOF (.vector_63) <= (_vector_spacing << 0x5))), function at exception vector 63 too large)

.startup
 *(.startup)

.text           0x9d000000        0x0
 *(.stub .gnu.linkonce.t.*)
 *(.text.*personality*)
 *(.mips16.fn.*)
 *(.mips16.call.*)
 *(.gnu.warning)
                0x9d000000                . = ALIGN (0x4)

.init           0x9d000000        0x0
 *crti.o(.init)
 *crtbegin.o(.init)
 *(EXCLUDE_FILE(*crtn.o *crtend?.o *crtend.o) .init)
 *crtend.o(.init)
 *crtn.o(.init)
                0x9d000000                . = ALIGN (0x4)

.fini           0x9d000000        0x0
 *(.fini)
                0x9d000000                . = ALIGN (0x4)

.preinit_array  0x9d000000        0x0
                0x9d000000                PROVIDE (__preinit_array_start, .)
 *(.preinit_array)
                0x9d000000                PROVIDE (__preinit_array_end, .)
                0x9d000000                . = ALIGN (0x4)

.init_array     0x9d000000        0x0
                0x9d000000                PROVIDE (__init_array_start, .)
 *(SORT(.init_array.*))
 *(.init_array)
                0x9d000000                PROVIDE (__init_array_end, .)
                0x9d000000                . = ALIGN (0x4)

.fini_array     0x9d000000        0x0
                0x9d000000                PROVIDE (__fini_array_start, .)
 *(SORT(.fini_array.*))
 *(.fini_array)
                0x9d000000                PROVIDE (__fini_array_end, .)
                0x9d000000                . = ALIGN (0x4)

.ctors          0x9d000000        0x0
 *crtbegin.o(.ctors)
 *crtbegin?.o(.ctors)
 *(EXCLUDE_FILE(*crtend?.o *crtend.o) .ctors)
 *(SORT(.ctors.*))
 *(.ctors)
                0x9d000000                . = ALIGN (0x4)

.dtors          0x9d000000        0x0
 *crtbegin.o(.dtors)
 *crtbegin?.o(.dtors)
 *(EXCLUDE_FILE(*crtend?.o *crtend.o) .dtors)
 *(SORT(.dtors.*))
 *(.dtors)
                0x9d000000                . = ALIGN (0x4)

.rodata         0x9d000000        0x0
 *(.gnu.linkonce.r.*)
 *(.rodata1)
                0x9d000000                . = ALIGN (0x4)

.sdata2         0x9fc00490        0x0
 *(.sdata2 .sdata2.* .gnu.linkonce.s2.*)
                0x9fc00490                . = ALIGN (0x4)

.sbss2          0x9fc00490        0x0
 *(.sbss2 .sbss2.* .gnu.linkonce.sb2.*)
                0x9fc00490                . = ALIGN (0x4)

.eh_frame_hdr
 *(.eh_frame_hdr)
                0x9fc00490                . = ALIGN (0x4)

.eh_frame
 *(.eh_frame)
                0x9fc00490                . = ALIGN (0x4)

.gcc_except_table
 *(.gcc_except_table .gcc_except_table.*)
                0x9fc00490                . = ALIGN (0x4)

.dbg_data       0xa0000200        0x0
                0xa0000200                . = (. + DEFINED (_DEBUGGER)?0x200:0x0)

.jcr            0xa0000200        0x0
 *(.jcr)
                0xa0000200                . = ALIGN (0x4)

.eh_frame
 *(.eh_frame)
                0xa0000200                . = ALIGN (0x4)

.gcc_except_table
 *(.gcc_except_table .gcc_except_table.*)
                0xa0000200                . = ALIGN (0x4)

.persist        0xa0000200        0x0
                0xa0000200                _persist_begin = .
 *(.persist .persist.*)
 *(.pbss .pbss.*)
                0xa0000200                . = ALIGN (0x4)
                0xa0000200                _persist_end = .

.data           0xa0000200        0x0
 *(.gnu.linkonce.d.*)
 *(.data1)
                0xa0000200                . = ALIGN (0x4)
                0xa0000200                . = .
                0xa00081f0                _gp = (ALIGN (0x10) + 0x7ff0)

.got            0xa0000200        0x0
 *(.got.plt)
 *(.got)
                0xa0000200                . = ALIGN (0x4)

.sdata          0xa0000200       0x40
                0xa0000200                _sdata_begin = .
 *(.sdata .sdata.* .gnu.linkonce.s.*)
 .sdata         0xa0000200       0x14 build/milestone1/debug/_ext/1360937237/navigation.o
                0xa0000200                flagY
                0xa0000201                flagX
                0xa0000204                pathfindingCountMax
                0xa0000208                moveMaxIdx
                0xa000020c                moveGoalIdx
                0xa0000210                ignoreTapeMax
 .sdata         0xa0000214        0x4 build/milestone1/debug/_ext/1360937237/communication.o
                0xa0000214                SeqNum
 .sdata         0xa0000218        0x4 build/milestone1/debug/_ext/1360937237/pathfinding.o
                0xa0000218                currentNumberOfNodes
 .sdata         0xa000021c        0x4 build/milestone1/debug/_ext/1475386849/port.o
                0xa000021c                uxInterruptNesting
 .sdata         0xa0000220       0x1c build/milestone1/debug/_ext/1360937237/motor.o
                0xa0000220                angleOffsetRight
                0xa0000224                angleOffsetLeft
                0xa0000228                forwardOffset
                0xa000022c                TicksPerCM
                0xa0000230                TicksPerInch
                0xa0000234                TicksPerDegree
                0xa0000238                currentDirection
 .sdata         0xa000023c        0x4 c:/program files (x86)/microchip/xc32/v1.42/bin/bin/../../lib/gcc/pic32mx/4.8.3/../../../../pic32mx/lib\libpic32.a(xc32_uart.o)
                0xa000023c                __XC_UART
                0xa0000240                . = ALIGN (0x4)
                0xa0000240                _sdata_end = .

.lit8
 *(.lit8)

.lit4
 *(.lit4)
                0xa0000240                . = ALIGN (0x4)
                0xa0000240                _data_end = .
                0xa0000240                _bss_begin = .

.sbss           0xa0000240      0x16c
                0xa0000240                _sbss_begin = .
 *(.dynsbss)
 *(.sbss .sbss.* .gnu.linkonce.sb.*)
 .sbss          0xa0000240        0x4 build/milestone1/debug/_ext/1864120335/drv_tmr_static.o
 .sbss          0xa0000244        0xc build/milestone1/debug/_ext/1555642536/system_exceptions.o
 .sbss          0xa0000250        0x4 build/milestone1/debug/_ext/1360937237/app.o
 .sbss          0xa0000254       0x50 build/milestone1/debug/_ext/1360937237/navigation.o
                0xa0000254                TIMER
                0xa0000258                noPathFoundCount
                0xa000025c                hasFlagLocation
                0xa0000260                pathfindingCount
                0xa0000264                pathfindingIsReady
                0xa0000268                roverStopped
                0xa000026c                moveLastIdx
                0xa0000270                moveCurrentIdx
                0xa0000274                moveFirstIdx
                0xa0000278                sawFlagOnce
                0xa0000279                pickedUpFlag
                0xa000027a                pixyCamFoundFlag
                0xa000027b                orientAttempts
                0xa000027c                cs2OnTape
                0xa000027d                cs1OnTape
                0xa0000280                ignoreTapeCount
                0xa0000284                ignoringTape
                0xa0000288                isCounterMeasuring
                0xa000028c                ticksRemaining
                0xa0000290                desiredSpeed
                0xa0000294                pwmCount
                0xa0000298                previousValue2
                0xa000029c                previousValue1
 .sbss          0xa00002a4       0x18 build/milestone1/debug/_ext/1360937237/communication.o
                0xa00002a4                receiveFromWifiBufferIdx
                0xa00002a8                bufferToWrite2Idx
                0xa00002ac                NumDroppedMessages
                0xa00002b0                NumBadChecksums
 .sbss          0xa00002bc        0x8 build/milestone1/debug/_ext/1360937237/ms2test.o
                0xa00002bc                testCount
                0xa00002c0                speedTotal
 .sbss          0xa00002c4        0xc build/milestone1/debug/_ext/1360937237/pathfinding.o
                0xa00002c4                PRIVATEDELETEME
                0xa00002c8                openSetTop
                0xa00002c9                crossSquareStackTop
                0xa00002ca                fieldItemStackTop
 .sbss          0xa00002d0        0x4 build/milestone1/debug/_ext/1360937237/flagcapture.o
 .sbss          0xa00002d4        0x4 build/milestone1/debug/_ext/393803906/drv_i2c.o
 .sbss          0xa00002d8        0x8 build/milestone1/debug/_ext/1366647692/heap_1.o
 .sbss          0xa00002e0        0x4 build/milestone1/debug/_ext/1475386849/port.o
                0xa00002e0                uxSavedTaskStackPointer
 .sbss          0xa00002e4       0x34 build/milestone1/debug/_ext/1241959881/tasks.o
                0xa00002e4                uxSchedulerSuspended
                0xa00002e8                xIdleTaskHandle
                0xa00002ec                xNextTaskUnblockTime
                0xa00002f0                uxTaskNumber
                0xa00002f4                xNumOfOverflows
                0xa00002f8                xYieldPending
                0xa00002fc                uxPendedTicks
                0xa0000300                xSchedulerRunning
                0xa0000304                uxTopReadyPriority
                0xa0000308                xTickCount
                0xa000030c                uxCurrentNumberOfTasks
                0xa0000310                uxDeletedTasksWaitingCleanUp
                0xa0000314                pxCurrentTCB
 .sbss          0xa0000318       0x18 build/milestone1/debug/_ext/1360937237/motor.o
                0xa0000318                Is_Testing
                0xa000031c                PID2_Out
                0xa0000320                PID1_Out
                0xa0000324                currentPositionY
                0xa0000328                currentPositionX
                0xa000032c                currentOrientation
 *(.scommon)
 .scommon       0xa0000330        0x6 build/milestone1/debug/_ext/192191419/drv_usart_mapping.o
                0xa0000330                gameIsPaused
                0xa0000331                locationState
                0xa0000332                CURRENT_FLAG_ROVER_REGION
                0xa0000333                MAX_WIDTH_OF_FIELD
                0xa0000334                MAX_LENGTH_OF_FIELD
                0xa0000335                movementState
 *fill*         0xa0000336        0x2 
 .scommon       0xa0000338        0x4 build/milestone1/debug/_ext/192191419/drv_usart_static.o
                0xa0000338                gDrvUSART0Obj
 .scommon       0xa000033c        0x0 build/milestone1/debug/_ext/192191419/drv_usart_static_byte_model.o
 .scommon       0xa000033c        0x0 build/milestone1/debug/_ext/383799649/sys_clk_static.o
 .scommon       0xa000033c        0x0 build/milestone1/debug/_ext/1555642536/system_init.o
 .scommon       0xa000033c        0x0 build/milestone1/debug/_ext/1555642536/system_interrupt.o
 .scommon       0xa000033c        0x0 build/milestone1/debug/_ext/1555642536/system_exceptions.o
 .scommon       0xa000033c        0x0 build/milestone1/debug/_ext/1555642536/system_tasks.o
 .scommon       0xa000033c        0x8 build/milestone1/debug/_ext/1360937237/app.o
                0xa000033c                appData
                0xa0000340                app1Iter
 .scommon       0xa0000344       0x1c build/milestone1/debug/_ext/1360937237/navigation.o
                0xa0000344                receivemsg
                0xa000034c                m1PID
                0xa0000350                speed2
                0xa0000354                speed1
                0xa0000358                m2PID
                0xa000035c                navigationData
 .scommon       0xa0000360        0x4 build/milestone1/debug/_ext/1360937237/communication.o
                0xa0000360                communicationData
 .scommon       0xa0000364        0x0 build/milestone1/debug/_ext/1360937237/ms2test.o
 .scommon       0xa0000364        0x6 build/milestone1/debug/_ext/1360937237/pathfinding.o
                0xa0000364                pathfindingData
                0xa0000368                currentGoal
 *fill*         0xa000036a        0x2 
 .scommon       0xa000036c        0x4 build/milestone1/debug/_ext/1360937237/flagcapture.o
                0xa000036c                flagcaptureData
 .scommon       0xa0000370        0x4 build/milestone1/debug/_ext/1360937237/mapping.o
                0xa0000370                mappingData
 .scommon       0xa0000374        0x0 build/milestone1/debug/_ext/1360937237/LED.o
 .scommon       0xa0000374        0x0 build/milestone1/debug/_ext/1360937237/linesensing.o
 .scommon       0xa0000374       0x23 build/milestone1/debug/_ext/1360937237/myi2c.o
                0xa0000374                ColorData1
                0xa000037c                ColorData2
                0xa0000384                ColorData3
                0xa000038c                navMsg
                0xa0000394                OnBlueTape
 *fill*         0xa0000397        0x1 
 .scommon       0xa0000398        0x8 build/milestone1/debug/_ext/2019779704/sys_devcon.o
                0xa0000398                sysDevconObj
 .scommon       0xa00003a0        0x8 build/milestone1/debug/_ext/1241959881/tasks.o
                0xa00003a0                pxDelayedTaskList
                0xa00003a4                pxOverflowDelayedTaskList
 .scommon       0xa00003a8        0x4 build/milestone1/debug/_ext/1360937237/debug.o
                0xa00003a8                global_data
 .scommon       0xa00003ac        0x0 build/milestone1/debug/_ext/1360937237/motor.o
 .scommon       0xa00003ac        0x0 build/milestone1/debug/_ext/1360937237/myjson.o
 .scommon       0xa00003ac        0x0 build/milestone1/debug/_ext/1360937237/electromagnet.o
                0xa00003ac                _sbss_end = .
                0xa00003ac                . = ALIGN (0x4)

.bss            0xa00003ac     0x3620
 *(.dynbss)
 *(COMMON)
 COMMON         0xa00003ac       0x1c build/milestone1/debug/_ext/192191419/drv_usart_mapping.o
                0xa00003ac                regionList
 COMMON         0xa00003c8       0x20 build/milestone1/debug/_ext/1555642536/system_init.o
                0xa00003c8                sysObj
 COMMON         0xa00003e8      0x2d6 build/milestone1/debug/_ext/1360937237/navigation.o
                0xa00003e8                moveType
                0xa000044c                testMsg
                0xa0000524                moveAmount
                0xa00006b4                pathMsg
 *fill*         0xa00006be        0x2 
 COMMON         0xa00006c0      0x1c0 build/milestone1/debug/_ext/1360937237/communication.o
                0xa00006c0                msgDefNotGlobal
                0xa00006cc                bufferToWrite2
                0xa00007a8                receiveFromWifiBuffer
 COMMON         0xa0000880     0x3054 build/milestone1/debug/_ext/1360937237/pathfinding.o
                0xa0000880                cameFrom
                0xa00008f8                gScoreArray
                0xa00009e8                halfHeartedAdjacencyList
                0xa0003008                openSet
                0xa0003080                fieldItemStack
                0xa0003154                closedSet
                0xa00031cc                pathFindingNodeList
                0xa000376c                crossSquareStack
                0xa00037e4                fScoreArray
 COMMON         0xa00038d4       0x24 build/milestone1/debug/_ext/1360937237/myi2c.o
                0xa00038d4                HandlerState
                0xa00038e0                PreviousState
                0xa00038ec                BufferHandle
 COMMON         0xa00038f8        0xc build/milestone1/debug/_ext/393803906/drv_i2c.o
                0xa00038f8                gDrvI2CCommonDataObj
 COMMON         0xa0003904       0xc8 build/milestone1/debug/_ext/1241959881/tasks.o
                0xa0003904                pxReadyTasksLists
                0xa0003968                xPendingReadyList
                0xa000397c                xTasksWaitingTermination
                0xa0003990                xSuspendedTaskList
                0xa00039a4                xDelayedTaskList2
                0xa00039b8                xDelayedTaskList1
                0xa00039cc                . = ALIGN ((. != 0x0)?0x4:0x1)
                0xa00039cc                . = ALIGN (0x4)
                0xa00039cc                _end = .
                0xa00039cc                _bss_end = .
                0x00020000                _bmxdudba_address = 0x20000
                0x00020000                _bmxdupba_address = 0x20000

/DISCARD/
 *(.pdr)
 *(.rel.dyn)
 *(.note.GNU-stack)
 *(.note.GNU-stack)
 *(.gnu_debuglink)
 *(.gnu.lto_*)
 *(.discard)

.gptab.sdata
 *(.gptab.data)
 *(.gptab.sdata)

.gptab.sbss
 *(.gptab.bss)
 *(.gptab.sbss)

.mdebug.abi32   0xa00039cc        0x0
 *(.mdebug.abi32)
 .mdebug.abi32  0xa00039cc        0x0 c:/program files (x86)/microchip/xc32/v1.42/bin/bin/../../lib/gcc/pic32mx/4.8.3/../../../../pic32mx/lib\software-debug-break.o
 .mdebug.abi32  0xa00039cc        0x0 build/milestone1/debug/_ext/1864120335/drv_tmr_static.o
 .mdebug.abi32  0xa00039cc        0x0 build/milestone1/debug/_ext/1864120335/drv_tmr_mapping.o
 .mdebug.abi32  0xa00039cc        0x0 build/milestone1/debug/_ext/192191419/drv_usart_mapping.o
 .mdebug.abi32  0xa00039cc        0x0 build/milestone1/debug/_ext/192191419/drv_usart_static.o
 .mdebug.abi32  0xa00039cc        0x0 build/milestone1/debug/_ext/192191419/drv_usart_static_byte_model.o
 .mdebug.abi32  0xa00039cc        0x0 build/milestone1/debug/_ext/383799649/sys_clk_static.o
 .mdebug.abi32  0xa00039cc        0x0 build/milestone1/debug/_ext/956857457/sys_ports_static.o
 .mdebug.abi32  0xa00039cc        0x0 build/milestone1/debug/_ext/1555642536/system_init.o
 .mdebug.abi32  0xa00039cc        0x0 build/milestone1/debug/_ext/1555642536/system_interrupt.o
 .mdebug.abi32  0xa00039cc        0x0 build/milestone1/debug/_ext/1555642536/system_exceptions.o
 .mdebug.abi32  0xa00039cc        0x0 build/milestone1/debug/_ext/1555642536/system_tasks.o
 .mdebug.abi32  0xa00039cc        0x0 build/milestone1/debug/_ext/1555642536/rtos_hooks.o
 .mdebug.abi32  0xa00039cc        0x0 build/milestone1/debug/_ext/1360937237/app.o
 .mdebug.abi32  0xa00039cc        0x0 build/milestone1/debug/_ext/1360937237/main.o
 .mdebug.abi32  0xa00039cc        0x0 build/milestone1/debug/_ext/1360937237/navigation.o
 .mdebug.abi32  0xa00039cc        0x0 build/milestone1/debug/_ext/1360937237/communication.o
 .mdebug.abi32  0xa00039cc        0x0 build/milestone1/debug/_ext/1360937237/ms2test.o
 .mdebug.abi32  0xa00039cc        0x0 build/milestone1/debug/_ext/1360937237/pathfinding.o
 .mdebug.abi32  0xa00039cc        0x0 build/milestone1/debug/_ext/1360937237/flagcapture.o
 .mdebug.abi32  0xa00039cc        0x0 build/milestone1/debug/_ext/1360937237/mapping.o
 .mdebug.abi32  0xa00039cc        0x0 build/milestone1/debug/_ext/1360937237/LED.o
 .mdebug.abi32  0xa00039cc        0x0 build/milestone1/debug/_ext/1360937237/linesensing.o
 .mdebug.abi32  0xa00039cc        0x0 build/milestone1/debug/_ext/1360937237/myi2c.o
 .mdebug.abi32  0xa00039cc        0x0 build/milestone1/debug/_ext/393803906/drv_i2c.o
 .mdebug.abi32  0xa00039cc        0x0 build/milestone1/debug/_ext/1423261102/osal_freertos.o
 .mdebug.abi32  0xa00039cc        0x0 build/milestone1/debug/_ext/2019779704/sys_devcon.o
 .mdebug.abi32  0xa00039cc        0x0 build/milestone1/debug/_ext/2019779704/sys_devcon_pic32mx.o
 .mdebug.abi32  0xa00039cc        0x0 build/milestone1/debug/_ext/1620769490/sys_int_pic32.o
 .mdebug.abi32  0xa00039cc        0x0 build/milestone1/debug/_ext/1366647692/heap_1.o
 .mdebug.abi32  0xa00039cc        0x0 build/milestone1/debug/_ext/1475386849/port.o
 .mdebug.abi32  0xa00039cc        0x0 build/milestone1/debug/_ext/1241959881/croutine.o
 .mdebug.abi32  0xa00039cc        0x0 build/milestone1/debug/_ext/1241959881/list.o
 .mdebug.abi32  0xa00039cc        0x0 build/milestone1/debug/_ext/1241959881/queue.o
 .mdebug.abi32  0xa00039cc        0x0 build/milestone1/debug/_ext/1241959881/tasks.o
 .mdebug.abi32  0xa00039cc        0x0 build/milestone1/debug/_ext/1241959881/timers.o
 .mdebug.abi32  0xa00039cc        0x0 build/milestone1/debug/_ext/1241959881/event_groups.o
 .mdebug.abi32  0xa00039cc        0x0 build/milestone1/debug/_ext/1360937237/debug.o
 .mdebug.abi32  0xa00039cc        0x0 build/milestone1/debug/_ext/1360937237/motor.o
 .mdebug.abi32  0xa00039cc        0x0 build/milestone1/debug/_ext/1360937237/myjson.o
 .mdebug.abi32  0xa00039cc        0x0 build/milestone1/debug/_ext/1360937237/electromagnet.o
 .mdebug.abi32  0xa00039cc        0x0 c:/program files (x86)/microchip/xc32/v1.42/bin/bin/../../lib/gcc/pic32mx/4.8.3\libgcc.a(floatunsisf.o)
 .mdebug.abi32  0xa00039cc        0x0 c:/program files (x86)/microchip/xc32/v1.42/bin/bin/../../lib/gcc/pic32mx/4.8.3/../../../../pic32mx/lib\libpic32.a(default-bootstrap-exception-handler.o)
 .mdebug.abi32  0xa00039cc        0x0 c:/program files (x86)/microchip/xc32/v1.42/bin/bin/../../lib/gcc/pic32mx/4.8.3/../../../../pic32mx/lib\libpic32.a(default-on-reset.o)
 .mdebug.abi32  0xa00039cc        0x0 c:/program files (x86)/microchip/xc32/v1.42/bin/bin/../../lib/gcc/pic32mx/4.8.3/../../../../pic32mx/lib\libpic32.a(default-on-bootstrap.o)
 .mdebug.abi32  0xa00039cc        0x0 c:/program files (x86)/microchip/xc32/v1.42/bin/bin/../../lib/gcc/pic32mx/4.8.3/../../../../pic32mx/lib\libpic32.a(defaultinterrupt.o)
 .mdebug.abi32  0xa00039cc        0x0 c:/program files (x86)/microchip/xc32/v1.42/bin/bin/../../lib/gcc/pic32mx/4.8.3/../../../../pic32mx/lib\libm.a(w_atan2f.o)
 .mdebug.abi32  0xa00039cc        0x0 c:/program files (x86)/microchip/xc32/v1.42/bin/bin/../../lib/gcc/pic32mx/4.8.3/../../../../pic32mx/lib\libm.a(w_sqrtf.o)
 .mdebug.abi32  0xa00039cc        0x0 c:/program files (x86)/microchip/xc32/v1.42/bin/bin/../../lib/gcc/pic32mx/4.8.3/../../../../pic32mx/lib\libm.a(support.o)
 .mdebug.abi32  0xa00039cc        0x0 c:/program files (x86)/microchip/xc32/v1.42/bin/bin/../../lib/gcc/pic32mx/4.8.3/../../../../pic32mx/lib\libm.a(s_lib_ver.o)
 .mdebug.abi32  0xa00039cc        0x0 c:/program files (x86)/microchip/xc32/v1.42/bin/bin/../../lib/gcc/pic32mx/4.8.3/../../../../pic32mx/lib\libc.a(atoi.o)
 .mdebug.abi32  0xa00039cc        0x0 c:/program files (x86)/microchip/xc32/v1.42/bin/bin/../../lib/gcc/pic32mx/4.8.3/../../../../pic32mx/lib\libc.a(ctype.o)
 .mdebug.abi32  0xa00039cc        0x0 c:/program files (x86)/microchip/xc32/v1.42/bin/bin/../../lib/gcc/pic32mx/4.8.3/../../../../pic32mx/lib\libc.a(errno.o)
 .mdebug.abi32  0xa00039cc        0x0 c:/program files (x86)/microchip/xc32/v1.42/bin/bin/../../lib/gcc/pic32mx/4.8.3/../../../../pic32mx/lib\libc.a(strcat.o)
 .mdebug.abi32  0xa00039cc        0x0 c:/program files (x86)/microchip/xc32/v1.42/bin/bin/../../lib/gcc/pic32mx/4.8.3/../../../../pic32mx/lib\libc.a(sprintf_cdnopuxX.eo)
 .mdebug.abi32  0xa00039cc        0x0 c:/program files (x86)/microchip/xc32/v1.42/bin/bin/../../lib/gcc/pic32mx/4.8.3/../../../../pic32mx/lib\libc.a(doprnt_cdnopuxX.eo)
 .mdebug.abi32  0xa00039cc        0x0 c:/program files (x86)/microchip/xc32/v1.42/bin/bin/../../lib/gcc/pic32mx/4.8.3/../../../../pic32mx/lib\libc.a(_fputc_simple.o)
 .mdebug.abi32  0xa00039cc        0x0 c:/program files (x86)/microchip/xc32/v1.42/bin/bin/../../lib/gcc/pic32mx/4.8.3/../../../../pic32mx/lib\libc.a(_iob.o)
 .mdebug.abi32  0xa00039cc        0x0 c:/program files (x86)/microchip/xc32/v1.42/bin/bin/../../lib/gcc/pic32mx/4.8.3/../../../../pic32mx/lib\libc.a(_flsbuf_simple.o)
 .mdebug.abi32  0xa00039cc        0x0 c:/program files (x86)/microchip/xc32/v1.42/bin/bin/../../lib/gcc/pic32mx/4.8.3/../../../../pic32mx/lib\libpic32.a(write.o)
 .mdebug.abi32  0xa00039cc        0x0 c:/program files (x86)/microchip/xc32/v1.42/bin/bin/../../lib/gcc/pic32mx/4.8.3/../../../../pic32mx/lib\libpic32.a(_mon_putc.o)
 .mdebug.abi32  0xa00039cc        0x0 c:/program files (x86)/microchip/xc32/v1.42/bin/bin/../../lib/gcc/pic32mx/4.8.3/../../../../pic32mx/lib\libpic32.a(xc32_uart.o)
 .mdebug.abi32  0xa00039cc        0x0 c:/program files (x86)/microchip/xc32/v1.42/bin/bin/../../lib/gcc/pic32mx/4.8.3\libgcc.a(_udivdi3.o)
 .mdebug.abi32  0xa00039cc        0x0 c:/program files (x86)/microchip/xc32/v1.42/bin/bin/../../lib/gcc/pic32mx/4.8.3\libgcc.a(_umoddi3.o)

.mdebug.abiN32
 *(.mdebug.abiN32)

.mdebug.abi64
 *(.mdebug.abi64)

.mdebug.abiO64
 *(.mdebug.abiO64)

.mdebug.eabi32
 *(.mdebug.eabi32)

.mdebug.eabi64
 *(.mdebug.eabi64)

.gcc_compiled_long32
 *(.gcc_compiled_long32)

.gcc_compiled_long64
 *(.gcc_compiled_long64)

.stab
 *(.stab)

.stabstr
 *(.stabstr)

.stab.excl
 *(.stab.excl)

.stab.exclstr
 *(.stab.exclstr)

.stab.index
 *(.stab.index)

.stab.indexstr
 *(.stab.indexstr)

.comment        0x00000000       0xbb
 *(.comment)
 .comment       0x00000000       0x3c c:/program files (x86)/microchip/xc32/v1.42/bin/bin/../../lib/gcc/pic32mx/4.8.3/../../../../pic32mx/lib\software-debug-break.o
                                 0x3d (size before relaxing)
 .comment       0x00000000       0x3d build/milestone1/debug/_ext/1864120335/drv_tmr_static.o
 .comment       0x00000000       0x3d build/milestone1/debug/_ext/1864120335/drv_tmr_mapping.o
 .comment       0x00000000       0x3d build/milestone1/debug/_ext/192191419/drv_usart_mapping.o
 .comment       0x00000000       0x3d build/milestone1/debug/_ext/192191419/drv_usart_static.o
 .comment       0x00000000       0x3d build/milestone1/debug/_ext/192191419/drv_usart_static_byte_model.o
 .comment       0x00000000       0x3d build/milestone1/debug/_ext/383799649/sys_clk_static.o
 .comment       0x00000000       0x3d build/milestone1/debug/_ext/956857457/sys_ports_static.o
 .comment       0x00000000       0x3d build/milestone1/debug/_ext/1555642536/system_init.o
 .comment       0x00000000       0x3d build/milestone1/debug/_ext/1555642536/system_interrupt.o
 .comment       0x00000000       0x3d build/milestone1/debug/_ext/1555642536/system_exceptions.o
 .comment       0x00000000       0x3d build/milestone1/debug/_ext/1555642536/system_tasks.o
 .comment       0x00000000       0x3d build/milestone1/debug/_ext/1555642536/rtos_hooks.o
 .comment       0x00000000       0x3d build/milestone1/debug/_ext/1360937237/app.o
 .comment       0x00000000       0x3d build/milestone1/debug/_ext/1360937237/main.o
 .comment       0x00000000       0x3d build/milestone1/debug/_ext/1360937237/navigation.o
 .comment       0x00000000       0x3d build/milestone1/debug/_ext/1360937237/communication.o
 .comment       0x00000000       0x3d build/milestone1/debug/_ext/1360937237/ms2test.o
 .comment       0x00000000       0x3d build/milestone1/debug/_ext/1360937237/pathfinding.o
 .comment       0x00000000       0x3d build/milestone1/debug/_ext/1360937237/flagcapture.o
 .comment       0x00000000       0x3d build/milestone1/debug/_ext/1360937237/mapping.o
 .comment       0x00000000       0x3d build/milestone1/debug/_ext/1360937237/LED.o
 .comment       0x00000000       0x3d build/milestone1/debug/_ext/1360937237/linesensing.o
 .comment       0x00000000       0x3d build/milestone1/debug/_ext/1360937237/myi2c.o
 .comment       0x00000000       0x3d build/milestone1/debug/_ext/393803906/drv_i2c.o
 .comment       0x00000000       0x3d build/milestone1/debug/_ext/1423261102/osal_freertos.o
 .comment       0x00000000       0x3d build/milestone1/debug/_ext/2019779704/sys_devcon.o
 .comment       0x00000000       0x3d build/milestone1/debug/_ext/2019779704/sys_devcon_pic32mx.o
 .comment       0x00000000       0x3d build/milestone1/debug/_ext/1620769490/sys_int_pic32.o
 .comment       0x00000000       0x3d build/milestone1/debug/_ext/1366647692/heap_1.o
 .comment       0x00000000       0x3d build/milestone1/debug/_ext/1475386849/port.o
 .comment       0x00000000       0x3d build/milestone1/debug/_ext/1241959881/croutine.o
 .comment       0x00000000       0x3d build/milestone1/debug/_ext/1241959881/list.o
 .comment       0x00000000       0x3d build/milestone1/debug/_ext/1241959881/queue.o
 .comment       0x00000000       0x3d build/milestone1/debug/_ext/1241959881/tasks.o
 .comment       0x00000000       0x3d build/milestone1/debug/_ext/1241959881/timers.o
 .comment       0x00000000       0x3d build/milestone1/debug/_ext/1241959881/event_groups.o
 .comment       0x00000000       0x3d build/milestone1/debug/_ext/1360937237/debug.o
 .comment       0x00000000       0x3d build/milestone1/debug/_ext/1360937237/motor.o
 .comment       0x00000000       0x3d build/milestone1/debug/_ext/1360937237/myjson.o
 .comment       0x00000000       0x3d build/milestone1/debug/_ext/1360937237/electromagnet.o
 .comment       0x00000000       0x3d c:/program files (x86)/microchip/xc32/v1.42/bin/bin/../../lib/gcc/pic32mx/4.8.3\libgcc.a(floatunsisf.o)
 .comment       0x0000003c       0x18 c:/program files (x86)/microchip/xc32/v1.42/bin/bin/../../lib/gcc/pic32mx/4.8.3/../../../../pic32mx/lib\libpic32.a(memset.o)
                                 0x19 (size before relaxing)
 .comment       0x00000054       0x19 c:/program files (x86)/microchip/xc32/v1.42/bin/bin/../../lib/gcc/pic32mx/4.8.3/../../../../pic32mx/lib\libpic32.a(strlen.o)
                                 0x1a (size before relaxing)
 .comment       0x00000000       0x3d c:/program files (x86)/microchip/xc32/v1.42/bin/bin/../../lib/gcc/pic32mx/4.8.3/../../../../pic32mx/lib\libpic32.a(default-bootstrap-exception-handler.o)
 .comment       0x00000000       0x3d c:/program files (x86)/microchip/xc32/v1.42/bin/bin/../../lib/gcc/pic32mx/4.8.3/../../../../pic32mx/lib\libpic32.a(default-on-reset.o)
 .comment       0x00000000       0x3d c:/program files (x86)/microchip/xc32/v1.42/bin/bin/../../lib/gcc/pic32mx/4.8.3/../../../../pic32mx/lib\libpic32.a(default-on-bootstrap.o)
 .comment       0x00000000       0x3d c:/program files (x86)/microchip/xc32/v1.42/bin/bin/../../lib/gcc/pic32mx/4.8.3/../../../../pic32mx/lib\libpic32.a(defaultinterrupt.o)
 .comment       0x00000000       0x3d c:/program files (x86)/microchip/xc32/v1.42/bin/bin/../../lib/gcc/pic32mx/4.8.3/../../../../pic32mx/lib\libm.a(w_atan2f.o)
 .comment       0x00000000       0x3d c:/program files (x86)/microchip/xc32/v1.42/bin/bin/../../lib/gcc/pic32mx/4.8.3/../../../../pic32mx/lib\libm.a(w_sqrtf.o)
 .comment       0x00000000       0x3d c:/program files (x86)/microchip/xc32/v1.42/bin/bin/../../lib/gcc/pic32mx/4.8.3/../../../../pic32mx/lib\libm.a(support.o)
 .comment       0x00000000       0x3d c:/program files (x86)/microchip/xc32/v1.42/bin/bin/../../lib/gcc/pic32mx/4.8.3/../../../../pic32mx/lib\libm.a(s_lib_ver.o)
 .comment       0x00000000       0x3d c:/program files (x86)/microchip/xc32/v1.42/bin/bin/../../lib/gcc/pic32mx/4.8.3/../../../../pic32mx/lib\libc.a(atoi.o)
 .comment       0x0000006d       0x4e c:/program files (x86)/microchip/xc32/v1.42/bin/bin/../../lib/gcc/pic32mx/4.8.3/../../../../pic32mx/lib\libc.a(ctype.o)
                                 0x8b (size before relaxing)
 .comment       0x00000000       0x3d c:/program files (x86)/microchip/xc32/v1.42/bin/bin/../../lib/gcc/pic32mx/4.8.3/../../../../pic32mx/lib\libc.a(errno.o)
 .comment       0x00000000       0x3d c:/program files (x86)/microchip/xc32/v1.42/bin/bin/../../lib/gcc/pic32mx/4.8.3/../../../../pic32mx/lib\libc.a(strcat.o)
 .comment       0x00000000       0x3d c:/program files (x86)/microchip/xc32/v1.42/bin/bin/../../lib/gcc/pic32mx/4.8.3/../../../../pic32mx/lib\libc.a(sprintf_cdnopuxX.eo)
 .comment       0x00000000       0x3d c:/program files (x86)/microchip/xc32/v1.42/bin/bin/../../lib/gcc/pic32mx/4.8.3/../../../../pic32mx/lib\libc.a(doprnt_cdnopuxX.eo)
 .comment       0x00000000       0x3d c:/program files (x86)/microchip/xc32/v1.42/bin/bin/../../lib/gcc/pic32mx/4.8.3/../../../../pic32mx/lib\libc.a(_fputc_simple.o)
 .comment       0x00000000       0x3d c:/program files (x86)/microchip/xc32/v1.42/bin/bin/../../lib/gcc/pic32mx/4.8.3/../../../../pic32mx/lib\libc.a(_iob.o)
 .comment       0x00000000       0x3d c:/program files (x86)/microchip/xc32/v1.42/bin/bin/../../lib/gcc/pic32mx/4.8.3/../../../../pic32mx/lib\libc.a(_flsbuf_simple.o)
 .comment       0x00000000       0x3d c:/program files (x86)/microchip/xc32/v1.42/bin/bin/../../lib/gcc/pic32mx/4.8.3/../../../../pic32mx/lib\libpic32.a(write.o)
 .comment       0x00000000       0x3d c:/program files (x86)/microchip/xc32/v1.42/bin/bin/../../lib/gcc/pic32mx/4.8.3/../../../../pic32mx/lib\libpic32.a(_mon_putc.o)
 .comment       0x00000000       0x3d c:/program files (x86)/microchip/xc32/v1.42/bin/bin/../../lib/gcc/pic32mx/4.8.3/../../../../pic32mx/lib\libpic32.a(xc32_uart.o)
 .comment       0x00000000       0x3d c:/program files (x86)/microchip/xc32/v1.42/bin/bin/../../lib/gcc/pic32mx/4.8.3\libgcc.a(_udivdi3.o)
 .comment       0x00000000       0x3d c:/program files (x86)/microchip/xc32/v1.42/bin/bin/../../lib/gcc/pic32mx/4.8.3\libgcc.a(_umoddi3.o)

.debug
 *(.debug)

.line
 *(.line)

.debug_srcinfo
 *(.debug_srcinfo)

.debug_sfnames
 *(.debug_sfnames)

.debug_aranges  0x00000000     0x1780
 *(.debug_aranges)
 .debug_aranges
                0x00000000       0x20 c:/program files (x86)/microchip/xc32/v1.42/bin/bin/../../lib/gcc/pic32mx/4.8.3/../../../../pic32mx/lib\software-debug-break.o
 .debug_aranges
                0x00000020      0x1d8 build/milestone1/debug/_ext/1864120335/drv_tmr_static.o
 .debug_aranges
                0x000001f8       0xc8 build/milestone1/debug/_ext/1864120335/drv_tmr_mapping.o
 .debug_aranges
                0x000002c0       0xa8 build/milestone1/debug/_ext/192191419/drv_usart_mapping.o
 .debug_aranges
                0x00000368       0x78 build/milestone1/debug/_ext/192191419/drv_usart_static.o
 .debug_aranges
                0x000003e0       0x48 build/milestone1/debug/_ext/192191419/drv_usart_static_byte_model.o
 .debug_aranges
                0x00000428       0x50 build/milestone1/debug/_ext/383799649/sys_clk_static.o
 .debug_aranges
                0x00000478      0x108 build/milestone1/debug/_ext/956857457/sys_ports_static.o
 .debug_aranges
                0x00000580       0x20 build/milestone1/debug/_ext/1555642536/system_init.o
 .debug_aranges
                0x000005a0       0x50 build/milestone1/debug/_ext/1555642536/system_interrupt.o
 .debug_aranges
                0x000005f0       0x20 build/milestone1/debug/_ext/1555642536/system_exceptions.o
 .debug_aranges
                0x00000610       0x50 build/milestone1/debug/_ext/1555642536/system_tasks.o
 .debug_aranges
                0x00000660       0x88 build/milestone1/debug/_ext/1555642536/system_interrupt_a.o
 .debug_aranges
                0x000006e8       0x28 build/milestone1/debug/_ext/1555642536/rtos_hooks.o
 .debug_aranges
                0x00000710       0x30 build/milestone1/debug/_ext/1360937237/app.o
 .debug_aranges
                0x00000740       0x20 build/milestone1/debug/_ext/1360937237/main.o
 .debug_aranges
                0x00000760       0xa0 build/milestone1/debug/_ext/1360937237/navigation.o
 .debug_aranges
                0x00000800       0xe0 build/milestone1/debug/_ext/1360937237/communication.o
 .debug_aranges
                0x000008e0       0x58 build/milestone1/debug/_ext/1360937237/ms2test.o
 .debug_aranges
                0x00000938      0x178 build/milestone1/debug/_ext/1360937237/pathfinding.o
 .debug_aranges
                0x00000ab0       0x40 build/milestone1/debug/_ext/1360937237/flagcapture.o
 .debug_aranges
                0x00000af0       0x28 build/milestone1/debug/_ext/1360937237/mapping.o
 .debug_aranges
                0x00000b18       0x28 build/milestone1/debug/_ext/1360937237/LED.o
 .debug_aranges
                0x00000b40       0x20 build/milestone1/debug/_ext/1360937237/linesensing.o
 .debug_aranges
                0x00000b60       0xb8 build/milestone1/debug/_ext/1360937237/myi2c.o
 .debug_aranges
                0x00000c18      0x100 build/milestone1/debug/_ext/393803906/drv_i2c.o
 .debug_aranges
                0x00000d18       0x88 build/milestone1/debug/_ext/1423261102/osal_freertos.o
 .debug_aranges
                0x00000da0       0x78 build/milestone1/debug/_ext/2019779704/sys_devcon.o
 .debug_aranges
                0x00000e18       0x20 build/milestone1/debug/_ext/2019779704/sys_devcon_pic32mx.o
 .debug_aranges
                0x00000e38       0x48 build/milestone1/debug/_ext/1620769490/sys_int_pic32.o
 .debug_aranges
                0x00000e80       0x38 build/milestone1/debug/_ext/1366647692/heap_1.o
 .debug_aranges
                0x00000eb8       0x58 build/milestone1/debug/_ext/1475386849/port.o
 .debug_aranges
                0x00000f10       0x20 build/milestone1/debug/_ext/1475386849/port_asm.o
 .debug_aranges
                0x00000f30       0x18 build/milestone1/debug/_ext/1241959881/croutine.o
 .debug_aranges
                0x00000f48       0x40 build/milestone1/debug/_ext/1241959881/list.o
 .debug_aranges
                0x00000f88       0xb0 build/milestone1/debug/_ext/1241959881/queue.o
 .debug_aranges
                0x00001038      0x1a0 build/milestone1/debug/_ext/1241959881/tasks.o
 .debug_aranges
                0x000011d8       0x18 build/milestone1/debug/_ext/1241959881/timers.o
 .debug_aranges
                0x000011f0       0x60 build/milestone1/debug/_ext/1241959881/event_groups.o
 .debug_aranges
                0x00001250       0x48 build/milestone1/debug/_ext/1360937237/debug.o
 .debug_aranges
                0x00001298      0x168 build/milestone1/debug/_ext/1360937237/motor.o
 .debug_aranges
                0x00001400       0xb0 build/milestone1/debug/_ext/1360937237/myjson.o
 .debug_aranges
                0x000014b0       0x38 build/milestone1/debug/_ext/1360937237/electromagnet.o
 .debug_aranges
                0x000014e8       0x20 c:/program files (x86)/microchip/xc32/v1.42/bin/bin/../../lib/gcc/pic32mx/4.8.3\libgcc.a(floatunsisf.o)
 .debug_aranges
                0x00001508       0x20 c:/program files (x86)/microchip/xc32/v1.42/bin/bin/../../lib/gcc/pic32mx/4.8.3/../../../../pic32mx/lib\libpic32.a(default-bootstrap-exception-handler.o)
 .debug_aranges
                0x00001528       0x20 c:/program files (x86)/microchip/xc32/v1.42/bin/bin/../../lib/gcc/pic32mx/4.8.3/../../../../pic32mx/lib\libpic32.a(default-on-reset.o)
 .debug_aranges
                0x00001548       0x20 c:/program files (x86)/microchip/xc32/v1.42/bin/bin/../../lib/gcc/pic32mx/4.8.3/../../../../pic32mx/lib\libpic32.a(default-on-bootstrap.o)
 .debug_aranges
                0x00001568       0x20 c:/program files (x86)/microchip/xc32/v1.42/bin/bin/../../lib/gcc/pic32mx/4.8.3/../../../../pic32mx/lib\libpic32.a(defaultinterrupt.o)
 .debug_aranges
                0x00001588       0x20 c:/program files (x86)/microchip/xc32/v1.42/bin/bin/../../lib/gcc/pic32mx/4.8.3/../../../../pic32mx/lib\libm.a(w_atan2f.o)
 .debug_aranges
                0x000015a8       0x20 c:/program files (x86)/microchip/xc32/v1.42/bin/bin/../../lib/gcc/pic32mx/4.8.3/../../../../pic32mx/lib\libm.a(w_sqrtf.o)
 .debug_aranges
                0x000015c8       0x78 c:/program files (x86)/microchip/xc32/v1.42/bin/bin/../../lib/gcc/pic32mx/4.8.3/../../../../pic32mx/lib\libm.a(support.o)
 .debug_aranges
                0x00001640       0x20 c:/program files (x86)/microchip/xc32/v1.42/bin/bin/../../lib/gcc/pic32mx/4.8.3/../../../../pic32mx/lib\libc.a(atoi.o)
 .debug_aranges
                0x00001660       0x20 c:/program files (x86)/microchip/xc32/v1.42/bin/bin/../../lib/gcc/pic32mx/4.8.3/../../../../pic32mx/lib\libc.a(strcat.o)
 .debug_aranges
                0x00001680       0x20 c:/program files (x86)/microchip/xc32/v1.42/bin/bin/../../lib/gcc/pic32mx/4.8.3/../../../../pic32mx/lib\libc.a(sprintf_cdnopuxX.eo)
 .debug_aranges
                0x000016a0       0x20 c:/program files (x86)/microchip/xc32/v1.42/bin/bin/../../lib/gcc/pic32mx/4.8.3/../../../../pic32mx/lib\libc.a(doprnt_cdnopuxX.eo)
 .debug_aranges
                0x000016c0       0x20 c:/program files (x86)/microchip/xc32/v1.42/bin/bin/../../lib/gcc/pic32mx/4.8.3/../../../../pic32mx/lib\libc.a(_fputc_simple.o)
 .debug_aranges
                0x000016e0       0x20 c:/program files (x86)/microchip/xc32/v1.42/bin/bin/../../lib/gcc/pic32mx/4.8.3/../../../../pic32mx/lib\libc.a(_flsbuf_simple.o)
 .debug_aranges
                0x00001700       0x20 c:/program files (x86)/microchip/xc32/v1.42/bin/bin/../../lib/gcc/pic32mx/4.8.3/../../../../pic32mx/lib\libpic32.a(write.o)
 .debug_aranges
                0x00001720       0x20 c:/program files (x86)/microchip/xc32/v1.42/bin/bin/../../lib/gcc/pic32mx/4.8.3/../../../../pic32mx/lib\libpic32.a(_mon_putc.o)
 .debug_aranges
                0x00001740       0x20 c:/program files (x86)/microchip/xc32/v1.42/bin/bin/../../lib/gcc/pic32mx/4.8.3\libgcc.a(_udivdi3.o)
 .debug_aranges
                0x00001760       0x20 c:/program files (x86)/microchip/xc32/v1.42/bin/bin/../../lib/gcc/pic32mx/4.8.3\libgcc.a(_umoddi3.o)

.debug_pubnames
 *(.debug_pubnames)

.debug_info     0x00000000    0x81a2b
 *(.debug_info .gnu.linkonce.wi.*)
 .debug_info    0x00000000       0xe5 c:/program files (x86)/microchip/xc32/v1.42/bin/bin/../../lib/gcc/pic32mx/4.8.3/../../../../pic32mx/lib\software-debug-break.o
 .debug_info    0x000000e5     0x558e build/milestone1/debug/_ext/1864120335/drv_tmr_static.o
 .debug_info    0x00005673     0x1739 build/milestone1/debug/_ext/1864120335/drv_tmr_mapping.o
 .debug_info    0x00006dac     0x41f9 build/milestone1/debug/_ext/192191419/drv_usart_mapping.o
 .debug_info    0x0000afa5     0x62e1 build/milestone1/debug/_ext/192191419/drv_usart_static.o
 .debug_info    0x00011286     0x46c9 build/milestone1/debug/_ext/192191419/drv_usart_static_byte_model.o
 .debug_info    0x0001594f     0x4004 build/milestone1/debug/_ext/383799649/sys_clk_static.o
 .debug_info    0x00019953     0x3b0f build/milestone1/debug/_ext/956857457/sys_ports_static.o
 .debug_info    0x0001d462     0x562b build/milestone1/debug/_ext/1555642536/system_init.o
 .debug_info    0x00022a8d     0x4861 build/milestone1/debug/_ext/1555642536/system_interrupt.o
 .debug_info    0x000272ee     0x3367 build/milestone1/debug/_ext/1555642536/system_exceptions.o
 .debug_info    0x0002a655     0x37c8 build/milestone1/debug/_ext/1555642536/system_tasks.o
 .debug_info    0x0002de1d       0xb8 build/milestone1/debug/_ext/1555642536/system_interrupt_a.o
 .debug_info    0x0002ded5      0x272 build/milestone1/debug/_ext/1555642536/rtos_hooks.o
 .debug_info    0x0002e147     0x37cd build/milestone1/debug/_ext/1360937237/app.o
 .debug_info    0x00031914      0x1c5 build/milestone1/debug/_ext/1360937237/main.o
 .debug_info    0x00031ad9     0x622a build/milestone1/debug/_ext/1360937237/navigation.o
 .debug_info    0x00037d03     0x651e build/milestone1/debug/_ext/1360937237/communication.o
 .debug_info    0x0003e221     0x387c build/milestone1/debug/_ext/1360937237/ms2test.o
 .debug_info    0x00041a9d     0x5487 build/milestone1/debug/_ext/1360937237/pathfinding.o
 .debug_info    0x00046f24     0x378c build/milestone1/debug/_ext/1360937237/flagcapture.o
 .debug_info    0x0004a6b0     0x33a4 build/milestone1/debug/_ext/1360937237/mapping.o
 .debug_info    0x0004da54     0x3317 build/milestone1/debug/_ext/1360937237/LED.o
 .debug_info    0x00050d6b     0x3348 build/milestone1/debug/_ext/1360937237/linesensing.o
 .debug_info    0x000540b3     0x6474 build/milestone1/debug/_ext/1360937237/myi2c.o
 .debug_info    0x0005a527     0xb389 build/milestone1/debug/_ext/393803906/drv_i2c.o
 .debug_info    0x000658b0      0xae2 build/milestone1/debug/_ext/1423261102/osal_freertos.o
 .debug_info    0x00066392     0x1197 build/milestone1/debug/_ext/2019779704/sys_devcon.o
 .debug_info    0x00067529      0xd7b build/milestone1/debug/_ext/2019779704/sys_devcon_pic32mx.o
 .debug_info    0x000682a4     0x15ea build/milestone1/debug/_ext/1620769490/sys_int_pic32.o
 .debug_info    0x0006988e      0x3b4 build/milestone1/debug/_ext/1366647692/heap_1.o
 .debug_info    0x00069c42     0x11e6 build/milestone1/debug/_ext/1475386849/port.o
 .debug_info    0x0006ae28       0xf7 build/milestone1/debug/_ext/1475386849/port_asm.o
 .debug_info    0x0006af1f      0x1a9 build/milestone1/debug/_ext/1241959881/croutine.o
 .debug_info    0x0006b0c8      0x4aa build/milestone1/debug/_ext/1241959881/list.o
 .debug_info    0x0006b572     0x1979 build/milestone1/debug/_ext/1241959881/queue.o
 .debug_info    0x0006ceeb     0x2977 build/milestone1/debug/_ext/1241959881/tasks.o
 .debug_info    0x0006f862      0x1a7 build/milestone1/debug/_ext/1241959881/timers.o
 .debug_info    0x0006fa09      0xd8e build/milestone1/debug/_ext/1241959881/event_groups.o
 .debug_info    0x00070797     0x3631 build/milestone1/debug/_ext/1360937237/debug.o
 .debug_info    0x00073dc8     0x4a33 build/milestone1/debug/_ext/1360937237/motor.o
 .debug_info    0x000787fb     0x3f33 build/milestone1/debug/_ext/1360937237/myjson.o
 .debug_info    0x0007c72e     0x3577 build/milestone1/debug/_ext/1360937237/electromagnet.o
 .debug_info    0x0007fca5      0x131 c:/program files (x86)/microchip/xc32/v1.42/bin/bin/../../lib/gcc/pic32mx/4.8.3\libgcc.a(floatunsisf.o)
 .debug_info    0x0007fdd6       0xf5 c:/program files (x86)/microchip/xc32/v1.42/bin/bin/../../lib/gcc/pic32mx/4.8.3/../../../../pic32mx/lib\libpic32.a(default-bootstrap-exception-handler.o)
 .debug_info    0x0007fecb       0xcf c:/program files (x86)/microchip/xc32/v1.42/bin/bin/../../lib/gcc/pic32mx/4.8.3/../../../../pic32mx/lib\libpic32.a(default-on-reset.o)
 .debug_info    0x0007ff9a       0xd7 c:/program files (x86)/microchip/xc32/v1.42/bin/bin/../../lib/gcc/pic32mx/4.8.3/../../../../pic32mx/lib\libpic32.a(default-on-bootstrap.o)
 .debug_info    0x00080071       0xe9 c:/program files (x86)/microchip/xc32/v1.42/bin/bin/../../lib/gcc/pic32mx/4.8.3/../../../../pic32mx/lib\libpic32.a(defaultinterrupt.o)
 .debug_info    0x0008015a       0xdd c:/program files (x86)/microchip/xc32/v1.42/bin/bin/../../lib/gcc/pic32mx/4.8.3/../../../../pic32mx/lib\libm.a(w_atan2f.o)
 .debug_info    0x00080237       0xbf c:/program files (x86)/microchip/xc32/v1.42/bin/bin/../../lib/gcc/pic32mx/4.8.3/../../../../pic32mx/lib\libm.a(w_sqrtf.o)
 .debug_info    0x000802f6      0x1c6 c:/program files (x86)/microchip/xc32/v1.42/bin/bin/../../lib/gcc/pic32mx/4.8.3/../../../../pic32mx/lib\libm.a(support.o)
 .debug_info    0x000804bc       0xc4 c:/program files (x86)/microchip/xc32/v1.42/bin/bin/../../lib/gcc/pic32mx/4.8.3/../../../../pic32mx/lib\libc.a(atoi.o)
 .debug_info    0x00080580       0xc8 c:/program files (x86)/microchip/xc32/v1.42/bin/bin/../../lib/gcc/pic32mx/4.8.3/../../../../pic32mx/lib\libc.a(strcat.o)
 .debug_info    0x00080648       0xd4 c:/program files (x86)/microchip/xc32/v1.42/bin/bin/../../lib/gcc/pic32mx/4.8.3/../../../../pic32mx/lib\libc.a(sprintf_cdnopuxX.eo)
 .debug_info    0x0008071c       0xd5 c:/program files (x86)/microchip/xc32/v1.42/bin/bin/../../lib/gcc/pic32mx/4.8.3/../../../../pic32mx/lib\libc.a(doprnt_cdnopuxX.eo)
 .debug_info    0x000807f1       0xc6 c:/program files (x86)/microchip/xc32/v1.42/bin/bin/../../lib/gcc/pic32mx/4.8.3/../../../../pic32mx/lib\libc.a(_fputc_simple.o)
 .debug_info    0x000808b7       0xc9 c:/program files (x86)/microchip/xc32/v1.42/bin/bin/../../lib/gcc/pic32mx/4.8.3/../../../../pic32mx/lib\libc.a(_flsbuf_simple.o)
 .debug_info    0x00080980       0xc0 c:/program files (x86)/microchip/xc32/v1.42/bin/bin/../../lib/gcc/pic32mx/4.8.3/../../../../pic32mx/lib\libpic32.a(write.o)
 .debug_info    0x00080a40       0xc8 c:/program files (x86)/microchip/xc32/v1.42/bin/bin/../../lib/gcc/pic32mx/4.8.3/../../../../pic32mx/lib\libpic32.a(_mon_putc.o)
 .debug_info    0x00080b08      0x773 c:/program files (x86)/microchip/xc32/v1.42/bin/bin/../../lib/gcc/pic32mx/4.8.3\libgcc.a(_udivdi3.o)
 .debug_info    0x0008127b      0x7b0 c:/program files (x86)/microchip/xc32/v1.42/bin/bin/../../lib/gcc/pic32mx/4.8.3\libgcc.a(_umoddi3.o)

.debug_abbrev   0x00000000     0x5faa
 *(.debug_abbrev)
 .debug_abbrev  0x00000000       0x28 c:/program files (x86)/microchip/xc32/v1.42/bin/bin/../../lib/gcc/pic32mx/4.8.3/../../../../pic32mx/lib\software-debug-break.o
 .debug_abbrev  0x00000028      0x382 build/milestone1/debug/_ext/1864120335/drv_tmr_static.o
 .debug_abbrev  0x000003aa      0x2ba build/milestone1/debug/_ext/1864120335/drv_tmr_mapping.o
 .debug_abbrev  0x00000664      0x260 build/milestone1/debug/_ext/192191419/drv_usart_mapping.o
 .debug_abbrev  0x000008c4      0x3db build/milestone1/debug/_ext/192191419/drv_usart_static.o
 .debug_abbrev  0x00000c9f      0x28e build/milestone1/debug/_ext/192191419/drv_usart_static_byte_model.o
 .debug_abbrev  0x00000f2d      0x2ba build/milestone1/debug/_ext/383799649/sys_clk_static.o
 .debug_abbrev  0x000011e7      0x222 build/milestone1/debug/_ext/956857457/sys_ports_static.o
 .debug_abbrev  0x00001409      0x301 build/milestone1/debug/_ext/1555642536/system_init.o
 .debug_abbrev  0x0000170a      0x262 build/milestone1/debug/_ext/1555642536/system_interrupt.o
 .debug_abbrev  0x0000196c       0xe3 build/milestone1/debug/_ext/1555642536/system_exceptions.o
 .debug_abbrev  0x00001a4f      0x173 build/milestone1/debug/_ext/1555642536/system_tasks.o
 .debug_abbrev  0x00001bc2       0x12 build/milestone1/debug/_ext/1555642536/system_interrupt_a.o
 .debug_abbrev  0x00001bd4       0x97 build/milestone1/debug/_ext/1555642536/rtos_hooks.o
 .debug_abbrev  0x00001c6b      0x1bd build/milestone1/debug/_ext/1360937237/app.o
 .debug_abbrev  0x00001e28       0x93 build/milestone1/debug/_ext/1360937237/main.o
 .debug_abbrev  0x00001ebb      0x3cf build/milestone1/debug/_ext/1360937237/navigation.o
 .debug_abbrev  0x0000228a      0x4d0 build/milestone1/debug/_ext/1360937237/communication.o
 .debug_abbrev  0x0000275a      0x1c2 build/milestone1/debug/_ext/1360937237/ms2test.o
 .debug_abbrev  0x0000291c      0x491 build/milestone1/debug/_ext/1360937237/pathfinding.o
 .debug_abbrev  0x00002dad      0x1d5 build/milestone1/debug/_ext/1360937237/flagcapture.o
 .debug_abbrev  0x00002f82       0xf6 build/milestone1/debug/_ext/1360937237/mapping.o
 .debug_abbrev  0x00003078       0xc2 build/milestone1/debug/_ext/1360937237/LED.o
 .debug_abbrev  0x0000313a      0x104 build/milestone1/debug/_ext/1360937237/linesensing.o
 .debug_abbrev  0x0000323e      0x38f build/milestone1/debug/_ext/1360937237/myi2c.o
 .debug_abbrev  0x000035cd      0x427 build/milestone1/debug/_ext/393803906/drv_i2c.o
 .debug_abbrev  0x000039f4      0x1fe build/milestone1/debug/_ext/1423261102/osal_freertos.o
 .debug_abbrev  0x00003bf2      0x2a1 build/milestone1/debug/_ext/2019779704/sys_devcon.o
 .debug_abbrev  0x00003e93      0x16d build/milestone1/debug/_ext/2019779704/sys_devcon_pic32mx.o
 .debug_abbrev  0x00004000      0x1ea build/milestone1/debug/_ext/1620769490/sys_int_pic32.o
 .debug_abbrev  0x000041ea      0x13f build/milestone1/debug/_ext/1366647692/heap_1.o
 .debug_abbrev  0x00004329      0x2cf build/milestone1/debug/_ext/1475386849/port.o
 .debug_abbrev  0x000045f8       0x14 build/milestone1/debug/_ext/1475386849/port_asm.o
 .debug_abbrev  0x0000460c       0x1b build/milestone1/debug/_ext/1241959881/croutine.o
 .debug_abbrev  0x00004627       0xf1 build/milestone1/debug/_ext/1241959881/list.o
 .debug_abbrev  0x00004718      0x310 build/milestone1/debug/_ext/1241959881/queue.o
 .debug_abbrev  0x00004a28      0x308 build/milestone1/debug/_ext/1241959881/tasks.o
 .debug_abbrev  0x00004d30       0x1b build/milestone1/debug/_ext/1241959881/timers.o
 .debug_abbrev  0x00004d4b      0x29a build/milestone1/debug/_ext/1241959881/event_groups.o
 .debug_abbrev  0x00004fe5      0x1f5 build/milestone1/debug/_ext/1360937237/debug.o
 .debug_abbrev  0x000051da      0x431 build/milestone1/debug/_ext/1360937237/motor.o
 .debug_abbrev  0x0000560b      0x265 build/milestone1/debug/_ext/1360937237/myjson.o
 .debug_abbrev  0x00005870      0x1a0 build/milestone1/debug/_ext/1360937237/electromagnet.o
 .debug_abbrev  0x00005a10       0x62 c:/program files (x86)/microchip/xc32/v1.42/bin/bin/../../lib/gcc/pic32mx/4.8.3\libgcc.a(floatunsisf.o)
 .debug_abbrev  0x00005a72       0x28 c:/program files (x86)/microchip/xc32/v1.42/bin/bin/../../lib/gcc/pic32mx/4.8.3/../../../../pic32mx/lib\libpic32.a(default-bootstrap-exception-handler.o)
 .debug_abbrev  0x00005a9a       0x28 c:/program files (x86)/microchip/xc32/v1.42/bin/bin/../../lib/gcc/pic32mx/4.8.3/../../../../pic32mx/lib\libpic32.a(default-on-reset.o)
 .debug_abbrev  0x00005ac2       0x28 c:/program files (x86)/microchip/xc32/v1.42/bin/bin/../../lib/gcc/pic32mx/4.8.3/../../../../pic32mx/lib\libpic32.a(default-on-bootstrap.o)
 .debug_abbrev  0x00005aea       0x28 c:/program files (x86)/microchip/xc32/v1.42/bin/bin/../../lib/gcc/pic32mx/4.8.3/../../../../pic32mx/lib\libpic32.a(defaultinterrupt.o)
 .debug_abbrev  0x00005b12       0x44 c:/program files (x86)/microchip/xc32/v1.42/bin/bin/../../lib/gcc/pic32mx/4.8.3/../../../../pic32mx/lib\libm.a(w_atan2f.o)
 .debug_abbrev  0x00005b56       0x28 c:/program files (x86)/microchip/xc32/v1.42/bin/bin/../../lib/gcc/pic32mx/4.8.3/../../../../pic32mx/lib\libm.a(w_sqrtf.o)
 .debug_abbrev  0x00005b7e       0x6d c:/program files (x86)/microchip/xc32/v1.42/bin/bin/../../lib/gcc/pic32mx/4.8.3/../../../../pic32mx/lib\libm.a(support.o)
 .debug_abbrev  0x00005beb       0x28 c:/program files (x86)/microchip/xc32/v1.42/bin/bin/../../lib/gcc/pic32mx/4.8.3/../../../../pic32mx/lib\libc.a(atoi.o)
 .debug_abbrev  0x00005c13       0x28 c:/program files (x86)/microchip/xc32/v1.42/bin/bin/../../lib/gcc/pic32mx/4.8.3/../../../../pic32mx/lib\libc.a(strcat.o)
 .debug_abbrev  0x00005c3b       0x28 c:/program files (x86)/microchip/xc32/v1.42/bin/bin/../../lib/gcc/pic32mx/4.8.3/../../../../pic32mx/lib\libc.a(sprintf_cdnopuxX.eo)
 .debug_abbrev  0x00005c63       0x28 c:/program files (x86)/microchip/xc32/v1.42/bin/bin/../../lib/gcc/pic32mx/4.8.3/../../../../pic32mx/lib\libc.a(doprnt_cdnopuxX.eo)
 .debug_abbrev  0x00005c8b       0x28 c:/program files (x86)/microchip/xc32/v1.42/bin/bin/../../lib/gcc/pic32mx/4.8.3/../../../../pic32mx/lib\libc.a(_fputc_simple.o)
 .debug_abbrev  0x00005cb3       0x28 c:/program files (x86)/microchip/xc32/v1.42/bin/bin/../../lib/gcc/pic32mx/4.8.3/../../../../pic32mx/lib\libc.a(_flsbuf_simple.o)
 .debug_abbrev  0x00005cdb       0x28 c:/program files (x86)/microchip/xc32/v1.42/bin/bin/../../lib/gcc/pic32mx/4.8.3/../../../../pic32mx/lib\libpic32.a(write.o)
 .debug_abbrev  0x00005d03       0x28 c:/program files (x86)/microchip/xc32/v1.42/bin/bin/../../lib/gcc/pic32mx/4.8.3/../../../../pic32mx/lib\libpic32.a(_mon_putc.o)
 .debug_abbrev  0x00005d2b      0x138 c:/program files (x86)/microchip/xc32/v1.42/bin/bin/../../lib/gcc/pic32mx/4.8.3\libgcc.a(_udivdi3.o)
 .debug_abbrev  0x00005e63      0x147 c:/program files (x86)/microchip/xc32/v1.42/bin/bin/../../lib/gcc/pic32mx/4.8.3\libgcc.a(_umoddi3.o)

.debug_line     0x00000000     0xece2
 *(.debug_line)
 .debug_line    0x00000000       0x9c c:/program files (x86)/microchip/xc32/v1.42/bin/bin/../../lib/gcc/pic32mx/4.8.3/../../../../pic32mx/lib\software-debug-break.o
 .debug_line    0x0000009c      0xcaa build/milestone1/debug/_ext/1864120335/drv_tmr_static.o
 .debug_line    0x00000d46      0x530 build/milestone1/debug/_ext/1864120335/drv_tmr_mapping.o
 .debug_line    0x00001276      0x550 build/milestone1/debug/_ext/192191419/drv_usart_mapping.o
 .debug_line    0x000017c6      0x8fc build/milestone1/debug/_ext/192191419/drv_usart_static.o
 .debug_line    0x000020c2      0x5ec build/milestone1/debug/_ext/192191419/drv_usart_static_byte_model.o
 .debug_line    0x000026ae      0x54b build/milestone1/debug/_ext/383799649/sys_clk_static.o
 .debug_line    0x00002bf9      0x797 build/milestone1/debug/_ext/956857457/sys_ports_static.o
 .debug_line    0x00003390      0x766 build/milestone1/debug/_ext/1555642536/system_init.o
 .debug_line    0x00003af6      0x586 build/milestone1/debug/_ext/1555642536/system_interrupt.o
 .debug_line    0x0000407c      0x272 build/milestone1/debug/_ext/1555642536/system_exceptions.o
 .debug_line    0x000042ee      0x49c build/milestone1/debug/_ext/1555642536/system_tasks.o
 .debug_line    0x0000478a      0x17a build/milestone1/debug/_ext/1555642536/system_interrupt_a.o
 .debug_line    0x00004904      0x156 build/milestone1/debug/_ext/1555642536/rtos_hooks.o
 .debug_line    0x00004a5a      0x3f1 build/milestone1/debug/_ext/1360937237/app.o
 .debug_line    0x00004e4b       0xc8 build/milestone1/debug/_ext/1360937237/main.o
 .debug_line    0x00004f13      0x88c build/milestone1/debug/_ext/1360937237/navigation.o
 .debug_line    0x0000579f      0x908 build/milestone1/debug/_ext/1360937237/communication.o
 .debug_line    0x000060a7      0x2bf build/milestone1/debug/_ext/1360937237/ms2test.o
 .debug_line    0x00006366      0x958 build/milestone1/debug/_ext/1360937237/pathfinding.o
 .debug_line    0x00006cbe      0x381 build/milestone1/debug/_ext/1360937237/flagcapture.o
 .debug_line    0x0000703f      0x220 build/milestone1/debug/_ext/1360937237/mapping.o
 .debug_line    0x0000725f      0x20c build/milestone1/debug/_ext/1360937237/LED.o
 .debug_line    0x0000746b      0x208 build/milestone1/debug/_ext/1360937237/linesensing.o
 .debug_line    0x00007673      0xbc0 build/milestone1/debug/_ext/1360937237/myi2c.o
 .debug_line    0x00008233     0x26e2 build/milestone1/debug/_ext/393803906/drv_i2c.o
 .debug_line    0x0000a915      0x2bb build/milestone1/debug/_ext/1423261102/osal_freertos.o
 .debug_line    0x0000abd0      0x5c6 build/milestone1/debug/_ext/2019779704/sys_devcon.o
 .debug_line    0x0000b196      0x471 build/milestone1/debug/_ext/2019779704/sys_devcon_pic32mx.o
 .debug_line    0x0000b607      0x38c build/milestone1/debug/_ext/1620769490/sys_int_pic32.o
 .debug_line    0x0000b993      0x217 build/milestone1/debug/_ext/1366647692/heap_1.o
 .debug_line    0x0000bbaa      0x23a build/milestone1/debug/_ext/1475386849/port.o
 .debug_line    0x0000bde4      0x123 build/milestone1/debug/_ext/1475386849/port_asm.o
 .debug_line    0x0000bf07       0x1d build/milestone1/debug/_ext/1241959881/croutine.o
 .debug_line    0x0000bf24      0x1dc build/milestone1/debug/_ext/1241959881/list.o
 .debug_line    0x0000c100      0x496 build/milestone1/debug/_ext/1241959881/queue.o
 .debug_line    0x0000c596      0x803 build/milestone1/debug/_ext/1241959881/tasks.o
 .debug_line    0x0000cd99       0x1d build/milestone1/debug/_ext/1241959881/timers.o
 .debug_line    0x0000cdb6      0x325 build/milestone1/debug/_ext/1241959881/event_groups.o
 .debug_line    0x0000d0db      0x35a build/milestone1/debug/_ext/1360937237/debug.o
 .debug_line    0x0000d435      0x6ad build/milestone1/debug/_ext/1360937237/motor.o
 .debug_line    0x0000dae2      0x478 build/milestone1/debug/_ext/1360937237/myjson.o
 .debug_line    0x0000df5a      0x29a build/milestone1/debug/_ext/1360937237/electromagnet.o